[22/05/2026 07:50:59] ======================================================
[22/05/2026 07:50:59] INICIO ETL DIARIO - Aguas de Ipameri
[22/05/2026 07:50:59] ======================================================
[22/05/2026 07:50:59] Iniciando ETL BigQuery...
2026-05-22 07:51:02,102 [INFO] ============================================================
2026-05-22 07:51:02,103 [INFO] ETL iniciado: 2026-05-22 07:51:02
2026-05-22 07:51:02,103 [INFO] Modo: INCREMENTAL (full para dims/snapshots)
2026-05-22 07:51:02,559 [INFO] [INC]  faturamento (a partir de 2026-02-01) ...
python : 
C:\Users\S⁄rgioRiciopo\AppData\Local\Programs\Python\Python314\Lib\site-packages\google\cloud\bigquery\table.py:2086: 
UserWarning: BigQuery Storage module not found, fetch data with the REST endpoint instead.
No C:\BI_Ipameri\scripts\run_etl_diario.ps1:28 caractere:15
+     $output = python "scripts\etl_bigquery.py" 2>&1
+               ~~~~~~~~~~~~~~~~~~~~~~~~~~~~~~~~~~~~~
    + CategoryInfo          : NotSpecified: (C:\Users\S⁄rgio...dpoint instead.:String) [], RemoteException
    + FullyQualifiedErrorId : NativeCommandError
 
  warnings.warn(
2026-05-22 07:51:11,063 [INFO]   OK faturamento: +16,014 novas | 241,945 total -> faturamento.parquet
2026-05-22 07:51:11,085 [INFO] [INC]  arrecadacao (a partir de 2026-03-01) ...
C:\Users\S⁄rgioRiciopo\AppData\Local\Programs\Python\Python314\Lib\site-packages\google\cloud\bigquery\table.py:2086: 
UserWarning: BigQuery Storage module not found, fetch data with the REST endpoint instead.
  warnings.warn(
2026-05-22 07:51:12,623 [INFO]   OK arrecadacao: +812 novas | 10,645 total -> arrecadacao.parquet
2026-05-22 07:51:12,667 [INFO] [INC]  painel_arrecadacao (a partir de 2024-06-11) ...
C:\Users\S⁄rgioRiciopo\AppData\Local\Programs\Python\Python314\Lib\site-packages\google\cloud\bigquery\table.py:2086: 
UserWarning: BigQuery Storage module not found, fetch data with the REST endpoint instead.
  warnings.warn(
2026-05-22 07:51:15,678 [INFO]   OK painel_arrecadacao: +1,537 novas | 549,010 total -> painel_arrecadacao.parquet
2026-05-22 07:51:15,720 [INFO] [INC]  arrecadacao_diaria (a partir de 2026-05-08) ...
C:\Users\S⁄rgioRiciopo\AppData\Local\Programs\Python\Python314\Lib\site-packages\google\cloud\bigquery\table.py:2086: 
UserWarning: BigQuery Storage module not found, fetch data with the REST endpoint instead.
  warnings.warn(
2026-05-22 07:51:17,678 [INFO]   OK arrecadacao_diaria: +2,175 novas | 156,767 total -> arrecadacao_diaria.parquet
2026-05-22 07:51:17,698 [INFO] [INC]  arrecadacao_rubricas (a partir de 2026-03-01) ...
C:\Users\S⁄rgioRiciopo\AppData\Local\Programs\Python\Python314\Lib\site-packages\google\cloud\bigquery\table.py:2086: 
UserWarning: BigQuery Storage module not found, fetch data with the REST endpoint instead.
  warnings.warn(
2026-05-22 07:51:19,100 [INFO]   OK arrecadacao_rubricas: +812 novas | 10,645 total -> arrecadacao_rubricas.parquet
2026-05-22 07:51:19,101 [INFO] [FULL] pendencia_atual ...
C:\Users\S⁄rgioRiciopo\AppData\Local\Programs\Python\Python314\Lib\site-packages\google\cloud\bigquery\table.py:2086: 
UserWarning: BigQuery Storage module not found, fetch data with the REST endpoint instead.
  warnings.warn(
2026-05-22 07:51:23,949 [INFO]   OK pendencia_atual: 20,624 linhas (full) -> pendencia_atual.parquet
2026-05-22 07:51:23,976 [INFO] [INC]  cortes (a partir de 2026-04-20) ...
C:\Users\S⁄rgioRiciopo\AppData\Local\Programs\Python\Python314\Lib\site-packages\google\cloud\bigquery\table.py:2086: 
UserWarning: BigQuery Storage module not found, fetch data with the REST endpoint instead.
  warnings.warn(
2026-05-22 07:51:25,496 [INFO]   OK cortes: +623 novas | 31,711 total -> cortes.parquet
2026-05-22 07:51:25,511 [INFO] [INC]  religacoes (a partir de 2026-04-20) ...
C:\Users\S⁄rgioRiciopo\AppData\Local\Programs\Python\Python314\Lib\site-packages\google\cloud\bigquery\table.py:2086: 
UserWarning: BigQuery Storage module not found, fetch data with the REST endpoint instead.
  warnings.warn(
2026-05-22 07:51:27,246 [INFO]   OK religacoes: +287 novas | 27,964 total -> religacoes.parquet
2026-05-22 07:51:27,287 [INFO] [INC]  servicos (a partir de 2026-05-06) ...
C:\Users\S⁄rgioRiciopo\AppData\Local\Programs\Python\Python314\Lib\site-packages\google\cloud\bigquery\table.py:2086: 
UserWarning: BigQuery Storage module not found, fetch data with the REST endpoint instead.
  warnings.warn(
2026-05-22 07:51:29,666 [INFO]   OK servicos: +1,119 novas | 236,202 total -> servicos.parquet
2026-05-22 07:51:29,697 [INFO] [INC]  leituras (a partir de 2026-03-01) ...
C:\Users\S⁄rgioRiciopo\AppData\Local\Programs\Python\Python314\Lib\site-packages\google\cloud\bigquery\table.py:2086: 
UserWarning: BigQuery Storage module not found, fetch data with the REST endpoint instead.
  warnings.warn(
2026-05-22 07:51:38,429 [INFO]   OK leituras: +33,515 novas | 453,565 total -> leituras.parquet
2026-05-22 07:51:38,449 [INFO] [INC]  backlog_servicos (a partir de 2026-05-07) ...
C:\Users\S⁄rgioRiciopo\AppData\Local\Programs\Python\Python314\Lib\site-packages\google\cloud\bigquery\table.py:2086: 
UserWarning: BigQuery Storage module not found, fetch data with the REST endpoint instead.
  warnings.warn(
2026-05-22 07:51:39,874 [INFO]   OK backlog_servicos: +767 novas | 52,228 total -> backlog_servicos.parquet
2026-05-22 07:51:39,883 [INFO] [INC]  alteracao_fatura_contabil (a partir de 2026-03-01) ...
C:\Users\S⁄rgioRiciopo\AppData\Local\Programs\Python\Python314\Lib\site-packages\google\cloud\bigquery\table.py:2086: 
UserWarning: BigQuery Storage module not found, fetch data with the REST endpoint instead.
  warnings.warn(
2026-05-22 07:51:41,199 [INFO]   OK alteracao_fatura_contabil: +66 novas | 899 total -> alteracao_fatura_contabil.parquet
2026-05-22 07:51:41,199 [INFO] [FULL] dim_bairro ...
C:\Users\S⁄rgioRiciopo\AppData\Local\Programs\Python\Python314\Lib\site-packages\google\cloud\bigquery\table.py:2086: 
UserWarning: BigQuery Storage module not found, fetch data with the REST endpoint instead.
  warnings.warn(
2026-05-22 07:51:42,710 [INFO]   OK dim_bairro: 47 linhas (full) -> dim_bairro.parquet
2026-05-22 07:51:42,710 [INFO] [FULL] dim_grupo ...
C:\Users\S⁄rgioRiciopo\AppData\Local\Programs\Python\Python314\Lib\site-packages\google\cloud\bigquery\table.py:2086: 
UserWarning: BigQuery Storage module not found, fetch data with the REST endpoint instead.
  warnings.warn(
2026-05-22 07:51:44,203 [INFO]   OK dim_grupo: 20 linhas (full) -> dim_grupo.parquet
2026-05-22 07:51:44,203 [INFO] [FULL] dim_categoria ...
C:\Users\S⁄rgioRiciopo\AppData\Local\Programs\Python\Python314\Lib\site-packages\google\cloud\bigquery\table.py:2086: 
UserWarning: BigQuery Storage module not found, fetch data with the REST endpoint instead.
  warnings.warn(
2026-05-22 07:51:45,859 [INFO]   OK dim_categoria: 5 linhas (full) -> dim_categoria.parquet
2026-05-22 07:51:45,859 [INFO] [FULL] dim_classe ...
C:\Users\S⁄rgioRiciopo\AppData\Local\Programs\Python\Python314\Lib\site-packages\google\cloud\bigquery\table.py:2086: 
UserWarning: BigQuery Storage module not found, fetch data with the REST endpoint instead.
  warnings.warn(
2026-05-22 07:51:47,045 [INFO]   OK dim_classe: 3 linhas (full) -> dim_classe.parquet
2026-05-22 07:51:47,045 [INFO] [FULL] dim_situacao_fatura ...
C:\Users\S⁄rgioRiciopo\AppData\Local\Programs\Python\Python314\Lib\site-packages\google\cloud\bigquery\table.py:2086: 
UserWarning: BigQuery Storage module not found, fetch data with the REST endpoint instead.
  warnings.warn(
2026-05-22 07:51:48,277 [INFO]   OK dim_situacao_fatura: 15 linhas (full) -> dim_situacao_fatura.parquet
2026-05-22 07:51:48,277 [INFO] [FULL] dim_situacao_servico ...
C:\Users\S⁄rgioRiciopo\AppData\Local\Programs\Python\Python314\Lib\site-packages\google\cloud\bigquery\table.py:2086: 
UserWarning: BigQuery Storage module not found, fetch data with the REST endpoint instead.
  warnings.warn(
2026-05-22 07:51:49,507 [INFO]   OK dim_situacao_servico: 11 linhas (full) -> dim_situacao_servico.parquet
2026-05-22 07:51:49,507 [INFO] [FULL] dim_agente_arrecadador ...
C:\Users\S⁄rgioRiciopo\AppData\Local\Programs\Python\Python314\Lib\site-packages\google\cloud\bigquery\table.py:2086: 
UserWarning: BigQuery Storage module not found, fetch data with the REST endpoint instead.
  warnings.warn(
2026-05-22 07:51:50,822 [INFO]   OK dim_agente_arrecadador: 9 linhas (full) -> dim_agente_arrecadador.parquet
2026-05-22 07:51:50,822 [INFO] [FULL] dim_forma_arrecadacao ...
C:\Users\S⁄rgioRiciopo\AppData\Local\Programs\Python\Python314\Lib\site-packages\google\cloud\bigquery\table.py:2086: 
UserWarning: BigQuery Storage module not found, fetch data with the REST endpoint instead.
  warnings.warn(
2026-05-22 07:51:52,055 [INFO]   OK dim_forma_arrecadacao: 13 linhas (full) -> dim_forma_arrecadacao.parquet
2026-05-22 07:51:52,055 [INFO] [FULL] dim_leiturista ...
C:\Users\S⁄rgioRiciopo\AppData\Local\Programs\Python\Python314\Lib\site-packages\google\cloud\bigquery\table.py:2086: 
UserWarning: BigQuery Storage module not found, fetch data with the REST endpoint instead.
  warnings.warn(
2026-05-22 07:51:53,368 [INFO]   OK dim_leiturista: 13 linhas (full) -> dim_leiturista.parquet
2026-05-22 07:51:53,369 [INFO] [FULL] dim_equipe ...
C:\Users\S⁄rgioRiciopo\AppData\Local\Programs\Python\Python314\Lib\site-packages\google\cloud\bigquery\table.py:2086: 
UserWarning: BigQuery Storage module not found, fetch data with the REST endpoint instead.
  warnings.warn(
2026-05-22 07:51:54,715 [INFO]   OK dim_equipe: 22 linhas (full) -> dim_equipe.parquet
2026-05-22 07:51:54,716 [INFO] [FULL] dim_setor_operacional ...
C:\Users\S⁄rgioRiciopo\AppData\Local\Programs\Python\Python314\Lib\site-packages\google\cloud\bigquery\table.py:2086: 
UserWarning: BigQuery Storage module not found, fetch data with the REST endpoint instead.
  warnings.warn(
2026-05-22 07:51:55,790 [INFO]   OK dim_setor_operacional: 13 linhas (full) -> dim_setor_operacional.parquet
2026-05-22 07:51:55,790 [INFO] [FULL] dim_ocorrencia ...
C:\Users\S⁄rgioRiciopo\AppData\Local\Programs\Python\Python314\Lib\site-packages\google\cloud\bigquery\table.py:2086: 
UserWarning: BigQuery Storage module not found, fetch data with the REST endpoint instead.
  warnings.warn(
2026-05-22 07:51:57,040 [INFO]   OK dim_ocorrencia: 29 linhas (full) -> dim_ocorrencia.parquet
2026-05-22 07:51:57,043 [INFO] [FULL] dim_servico_definicao ...
C:\Users\S⁄rgioRiciopo\AppData\Local\Programs\Python\Python314\Lib\site-packages\google\cloud\bigquery\table.py:2086: 
UserWarning: BigQuery Storage module not found, fetch data with the REST endpoint instead.
  warnings.warn(
2026-05-22 07:51:58,127 [INFO]   OK dim_servico_definicao: 409 linhas (full) -> dim_servico_definicao.parquet
2026-05-22 07:51:58,127 [INFO] 
2026-05-22 07:51:58,127 [INFO] ETL conclu›do: 2026-05-22 07:51:58
2026-05-22 07:51:58,128 [INFO]   Tabelas full      : 14
2026-05-22 07:51:58,128 [INFO]   Tabelas incrementais: 11
2026-05-22 07:51:58,128 [INFO]   Linhas novas/atualizadas: 57,727
2026-05-22 07:51:58,128 [INFO]   Todas as tabelas conclu›das com sucesso.

[22/05/2026 07:51:58] ETL BigQuery concluido com SUCESSO
[22/05/2026 07:51:58] Iniciando ETL Frota...
Iniciando ETL de Consumo de Frota Combust›vel...

[OK] Arquivo encontrado: RelatorioParametrizado 01-04-26 A 30-04-26.xls
Processando: RelatorioParametrizado 01-04-26 A 30-04-26.xls
  [OK] 41 registros processados

============================================================
RESUMO DA EXTRACAO
============================================================
Total de registros: 41
Data minima: 01/04/2026
Data maxima: 30/04/2026

Motorisas unicos: 9
Veiculos unicos: 14
Modelos unicos: 8

Totalizacoes:
  Combustivel consumido: 2204.10 L
  Valor gasto: R$ 14951.30
  Km rodados: 15035
  Eficiencia media: 6.82 km/L

Top 5 motoristas (por valor):
  JOAO REIS DA SILVA CARNEIRO: R$ 7686.10
  PAULO VICTOR DE OLIVEIRA CARNEIRO: R$ 2083.91
  ODELIO FERNANDES JUNIOR: R$ 1575.37
  SERGIO HENRIQUE DE OLIVEIRA RICIOPO: R$ 1559.05
  CARLOS ANDRE DE CASTRO SILVA: R$ 906.08

[OK] Exportado: frota_combustivel.parquet
[OK] Exportado: dim_veiculo_frota.parquet

ETL concluido com sucesso em 22/05/2026 07:51:59

[22/05/2026 07:51:59] ETL Frota concluido com SUCESSO
[22/05/2026 07:51:59] Publicando no GitHub (Streamlit Cloud)...
