[02/07/2026 07:30:02] ======================================================
[02/07/2026 07:30:02] INICIO ETL DIARIO - Aguas de Ipameri
[02/07/2026 07:30:02] ======================================================
[02/07/2026 07:30:02] Iniciando ETL BigQuery...
2026-07-02 07:30:05,084 [INFO] ============================================================
2026-07-02 07:30:05,085 [INFO] ETL iniciado: 2026-07-02 07:30:05
2026-07-02 07:30:05,085 [INFO] Modo: INCREMENTAL (full para dims/snapshots)
2026-07-02 07:30:05,333 [INFO] [INC]  faturamento (a partir de 2026-04-01) ...
python : 
C:\Users\S⁄rgioRiciopo\AppData\Local\Programs\Python\Python314\Lib\site-packages\google\cloud\bigquery\table.py:2086: 
UserWarning: BigQuery Storage module not found, fetch data with the REST endpoint instead.
No C:\BI_Ipameri\scripts\run_etl_diario.ps1:28 caractere:15
+     $output = python "scripts\etl_bigquery.py" 2>&1
+               ~~~~~~~~~~~~~~~~~~~~~~~~~~~~~~~~~~~~~
    + CategoryInfo          : NotSpecified: (C:\Users\S⁄rgio...dpoint instead.:String) [], RemoteException
    + FullyQualifiedErrorId : NativeCommandError
 
  warnings.warn(
2026-07-02 07:30:13,949 [INFO]   OK faturamento: +16,168 novas | 252,724 total -> faturamento.parquet
2026-07-02 07:30:13,964 [INFO] [INC]  arrecadacao (a partir de 2026-04-01) ...
C:\Users\S⁄rgioRiciopo\AppData\Local\Programs\Python\Python314\Lib\site-packages\google\cloud\bigquery\table.py:2086: 
UserWarning: BigQuery Storage module not found, fetch data with the REST endpoint instead.
  warnings.warn(
2026-07-02 07:30:15,949 [INFO]   OK arrecadacao: +831 novas | 10,952 total -> arrecadacao.parquet
2026-07-02 07:30:15,984 [INFO] [INC]  painel_arrecadacao (a partir de 2024-06-11) ...
C:\Users\S⁄rgioRiciopo\AppData\Local\Programs\Python\Python314\Lib\site-packages\google\cloud\bigquery\table.py:2086: 
UserWarning: BigQuery Storage module not found, fetch data with the REST endpoint instead.
  warnings.warn(
2026-07-02 07:30:18,472 [INFO]   OK painel_arrecadacao: +1,537 novas | 549,010 total -> painel_arrecadacao.parquet
2026-07-02 07:30:18,492 [INFO] [INC]  arrecadacao_diaria (a partir de 2026-06-17) ...
C:\Users\S⁄rgioRiciopo\AppData\Local\Programs\Python\Python314\Lib\site-packages\google\cloud\bigquery\table.py:2086: 
UserWarning: BigQuery Storage module not found, fetch data with the REST endpoint instead.
  warnings.warn(
2026-07-02 07:30:20,988 [INFO]   OK arrecadacao_diaria: +2,009 novas | 162,010 total -> arrecadacao_diaria.parquet
2026-07-02 07:30:21,003 [INFO] [INC]  arrecadacao_rubricas (a partir de 2026-04-01) ...
C:\Users\S⁄rgioRiciopo\AppData\Local\Programs\Python\Python314\Lib\site-packages\google\cloud\bigquery\table.py:2086: 
UserWarning: BigQuery Storage module not found, fetch data with the REST endpoint instead.
  warnings.warn(
2026-07-02 07:30:22,529 [INFO]   OK arrecadacao_rubricas: +831 novas | 10,952 total -> arrecadacao_rubricas.parquet
2026-07-02 07:30:22,530 [INFO] [FULL] pendencia_atual ...
C:\Users\S⁄rgioRiciopo\AppData\Local\Programs\Python\Python314\Lib\site-packages\google\cloud\bigquery\table.py:2086: 
UserWarning: BigQuery Storage module not found, fetch data with the REST endpoint instead.
  warnings.warn(
2026-07-02 07:30:27,417 [INFO]   OK pendencia_atual: 17,975 linhas (full) -> pendencia_atual.parquet
2026-07-02 07:30:27,441 [INFO] [INC]  cortes (a partir de 2026-05-30) ...
C:\Users\S⁄rgioRiciopo\AppData\Local\Programs\Python\Python314\Lib\site-packages\google\cloud\bigquery\table.py:2086: 
UserWarning: BigQuery Storage module not found, fetch data with the REST endpoint instead.
  warnings.warn(
2026-07-02 07:30:29,294 [INFO]   OK cortes: +782 novas | 33,242 total -> cortes.parquet
2026-07-02 07:30:29,310 [INFO] [INC]  religacoes (a partir de 2026-05-30) ...
C:\Users\S⁄rgioRiciopo\AppData\Local\Programs\Python\Python314\Lib\site-packages\google\cloud\bigquery\table.py:2086: 
UserWarning: BigQuery Storage module not found, fetch data with the REST endpoint instead.
  warnings.warn(
2026-07-02 07:30:32,347 [INFO]   OK religacoes: +347 novas | 28,399 total -> religacoes.parquet
2026-07-02 07:30:32,399 [INFO] [INC]  servicos (a partir de 2026-06-15) ...
C:\Users\S⁄rgioRiciopo\AppData\Local\Programs\Python\Python314\Lib\site-packages\google\cloud\bigquery\table.py:2086: 
UserWarning: BigQuery Storage module not found, fetch data with the REST endpoint instead.
  warnings.warn(
2026-07-02 07:30:34,988 [INFO]   OK servicos: +1,656 novas | 241,527 total -> servicos.parquet
2026-07-02 07:30:35,017 [INFO] [INC]  leituras (a partir de 2026-04-01) ...
C:\Users\S⁄rgioRiciopo\AppData\Local\Programs\Python\Python314\Lib\site-packages\google\cloud\bigquery\table.py:2086: 
UserWarning: BigQuery Storage module not found, fetch data with the REST endpoint instead.
  warnings.warn(
2026-07-02 07:30:47,438 [INFO]   OK leituras: +33,383 novas | 464,718 total -> leituras.parquet
2026-07-02 07:30:47,455 [INFO] [INC]  backlog_servicos (a partir de 2026-06-15) ...
C:\Users\S⁄rgioRiciopo\AppData\Local\Programs\Python\Python314\Lib\site-packages\google\cloud\bigquery\table.py:2086: 
UserWarning: BigQuery Storage module not found, fetch data with the REST endpoint instead.
  warnings.warn(
2026-07-02 07:30:53,986 [INFO]   OK backlog_servicos: +852 novas | 54,074 total -> backlog_servicos.parquet
2026-07-02 07:30:53,996 [INFO] [INC]  alteracao_fatura_contabil (a partir de 2026-04-01) ...
C:\Users\S⁄rgioRiciopo\AppData\Local\Programs\Python\Python314\Lib\site-packages\google\cloud\bigquery\table.py:2086: 
UserWarning: BigQuery Storage module not found, fetch data with the REST endpoint instead.
  warnings.warn(
2026-07-02 07:30:55,913 [INFO]   OK alteracao_fatura_contabil: +57 novas | 915 total -> alteracao_fatura_contabil.parquet
2026-07-02 07:30:55,914 [INFO] [FULL] dim_bairro ...
C:\Users\S⁄rgioRiciopo\AppData\Local\Programs\Python\Python314\Lib\site-packages\google\cloud\bigquery\table.py:2086: 
UserWarning: BigQuery Storage module not found, fetch data with the REST endpoint instead.
  warnings.warn(
2026-07-02 07:30:57,753 [INFO]   OK dim_bairro: 48 linhas (full) -> dim_bairro.parquet
2026-07-02 07:30:57,753 [INFO] [FULL] dim_grupo ...
C:\Users\S⁄rgioRiciopo\AppData\Local\Programs\Python\Python314\Lib\site-packages\google\cloud\bigquery\table.py:2086: 
UserWarning: BigQuery Storage module not found, fetch data with the REST endpoint instead.
  warnings.warn(
2026-07-02 07:30:59,011 [INFO]   OK dim_grupo: 20 linhas (full) -> dim_grupo.parquet
2026-07-02 07:30:59,011 [INFO] [FULL] dim_categoria ...
C:\Users\S⁄rgioRiciopo\AppData\Local\Programs\Python\Python314\Lib\site-packages\google\cloud\bigquery\table.py:2086: 
UserWarning: BigQuery Storage module not found, fetch data with the REST endpoint instead.
  warnings.warn(
2026-07-02 07:31:00,189 [INFO]   OK dim_categoria: 5 linhas (full) -> dim_categoria.parquet
2026-07-02 07:31:00,189 [INFO] [FULL] dim_classe ...
C:\Users\S⁄rgioRiciopo\AppData\Local\Programs\Python\Python314\Lib\site-packages\google\cloud\bigquery\table.py:2086: 
UserWarning: BigQuery Storage module not found, fetch data with the REST endpoint instead.
  warnings.warn(
2026-07-02 07:31:01,855 [INFO]   OK dim_classe: 3 linhas (full) -> dim_classe.parquet
2026-07-02 07:31:01,855 [INFO] [FULL] dim_situacao_fatura ...
C:\Users\S⁄rgioRiciopo\AppData\Local\Programs\Python\Python314\Lib\site-packages\google\cloud\bigquery\table.py:2086: 
UserWarning: BigQuery Storage module not found, fetch data with the REST endpoint instead.
  warnings.warn(
2026-07-02 07:31:03,621 [INFO]   OK dim_situacao_fatura: 15 linhas (full) -> dim_situacao_fatura.parquet
2026-07-02 07:31:03,621 [INFO] [FULL] dim_situacao_servico ...
C:\Users\S⁄rgioRiciopo\AppData\Local\Programs\Python\Python314\Lib\site-packages\google\cloud\bigquery\table.py:2086: 
UserWarning: BigQuery Storage module not found, fetch data with the REST endpoint instead.
  warnings.warn(
2026-07-02 07:31:05,033 [INFO]   OK dim_situacao_servico: 11 linhas (full) -> dim_situacao_servico.parquet
2026-07-02 07:31:05,034 [INFO] [FULL] dim_agente_arrecadador ...
C:\Users\S⁄rgioRiciopo\AppData\Local\Programs\Python\Python314\Lib\site-packages\google\cloud\bigquery\table.py:2086: 
UserWarning: BigQuery Storage module not found, fetch data with the REST endpoint instead.
  warnings.warn(
2026-07-02 07:31:06,280 [INFO]   OK dim_agente_arrecadador: 9 linhas (full) -> dim_agente_arrecadador.parquet
2026-07-02 07:31:06,280 [INFO] [FULL] dim_forma_arrecadacao ...
C:\Users\S⁄rgioRiciopo\AppData\Local\Programs\Python\Python314\Lib\site-packages\google\cloud\bigquery\table.py:2086: 
UserWarning: BigQuery Storage module not found, fetch data with the REST endpoint instead.
  warnings.warn(
2026-07-02 07:31:07,677 [INFO]   OK dim_forma_arrecadacao: 13 linhas (full) -> dim_forma_arrecadacao.parquet
2026-07-02 07:31:07,677 [INFO] [FULL] dim_leiturista ...
C:\Users\S⁄rgioRiciopo\AppData\Local\Programs\Python\Python314\Lib\site-packages\google\cloud\bigquery\table.py:2086: 
UserWarning: BigQuery Storage module not found, fetch data with the REST endpoint instead.
  warnings.warn(
2026-07-02 07:31:08,974 [INFO]   OK dim_leiturista: 13 linhas (full) -> dim_leiturista.parquet
2026-07-02 07:31:08,975 [INFO] [FULL] dim_equipe ...
C:\Users\S⁄rgioRiciopo\AppData\Local\Programs\Python\Python314\Lib\site-packages\google\cloud\bigquery\table.py:2086: 
UserWarning: BigQuery Storage module not found, fetch data with the REST endpoint instead.
  warnings.warn(
2026-07-02 07:31:10,545 [INFO]   OK dim_equipe: 24 linhas (full) -> dim_equipe.parquet
2026-07-02 07:31:10,545 [INFO] [FULL] dim_setor_operacional ...
C:\Users\S⁄rgioRiciopo\AppData\Local\Programs\Python\Python314\Lib\site-packages\google\cloud\bigquery\table.py:2086: 
UserWarning: BigQuery Storage module not found, fetch data with the REST endpoint instead.
  warnings.warn(
2026-07-02 07:31:12,063 [INFO]   OK dim_setor_operacional: 13 linhas (full) -> dim_setor_operacional.parquet
2026-07-02 07:31:12,063 [INFO] [FULL] dim_ocorrencia ...
C:\Users\S⁄rgioRiciopo\AppData\Local\Programs\Python\Python314\Lib\site-packages\google\cloud\bigquery\table.py:2086: 
UserWarning: BigQuery Storage module not found, fetch data with the REST endpoint instead.
  warnings.warn(
2026-07-02 07:31:13,525 [INFO]   OK dim_ocorrencia: 29 linhas (full) -> dim_ocorrencia.parquet
2026-07-02 07:31:13,525 [INFO] [FULL] dim_servico_definicao ...
C:\Users\S⁄rgioRiciopo\AppData\Local\Programs\Python\Python314\Lib\site-packages\google\cloud\bigquery\table.py:2086: 
UserWarning: BigQuery Storage module not found, fetch data with the REST endpoint instead.
  warnings.warn(
2026-07-02 07:31:19,980 [INFO]   OK dim_servico_definicao: 409 linhas (full) -> dim_servico_definicao.parquet
2026-07-02 07:31:19,981 [INFO] 
2026-07-02 07:31:19,981 [INFO] ETL conclu›do: 2026-07-02 07:31:19
2026-07-02 07:31:19,981 [INFO]   Tabelas full      : 14
2026-07-02 07:31:19,981 [INFO]   Tabelas incrementais: 11
2026-07-02 07:31:19,981 [INFO]   Linhas novas/atualizadas: 58,453
2026-07-02 07:31:19,982 [INFO]   Todas as tabelas conclu›das com sucesso.

[02/07/2026 07:31:20] ETL BigQuery concluido com SUCESSO
[02/07/2026 07:31:20] Iniciando ETL Frota...
Iniciando ETL de Consumo de Frota Combust›vel...

[OK] Arquivo encontrado: RelatorioParametrizado 01-04-26 A 30-04-26.xls
Processando: RelatorioParametrizado 01-04-26 A 30-04-26.xls
  [OK] 41 registros processados

============================================================
RESUMO DA EXTRACAO
============================================================
Total de registros: 41
Data minima: 01/04/2026
Data maxima: 30/04/2026

Motorisas unicos: 9
Veiculos unicos: 14
Modelos unicos: 8

Totalizacoes:
  Combustivel consumido: 2204.10 L
  Valor gasto: R$ 14951.30
  Km rodados: 15035
  Eficiencia media: 6.82 km/L

Top 5 motoristas (por valor):
  JOAO REIS DA SILVA CARNEIRO: R$ 7686.10
  PAULO VICTOR DE OLIVEIRA CARNEIRO: R$ 2083.91
  ODELIO FERNANDES JUNIOR: R$ 1575.37
  SERGIO HENRIQUE DE OLIVEIRA RICIOPO: R$ 1559.05
  CARLOS ANDRE DE CASTRO SILVA: R$ 906.08

[OK] Exportado: frota_combustivel.parquet
[OK] Exportado: dim_veiculo_frota.parquet

ETL concluido com sucesso em 02/07/2026 07:31:21

[02/07/2026 07:31:21] ETL Frota concluido com SUCESSO
[02/07/2026 07:31:21] Publicando no GitHub (Streamlit Cloud)...
