[18/06/2026 07:31:20] ======================================================
[18/06/2026 07:31:20] INICIO ETL DIARIO - Aguas de Ipameri
[18/06/2026 07:31:20] ======================================================
[18/06/2026 07:31:20] Iniciando ETL BigQuery...
2026-06-18 07:31:37,553 [INFO] ============================================================
2026-06-18 07:31:37,554 [INFO] ETL iniciado: 2026-06-18 07:31:37
2026-06-18 07:31:37,554 [INFO] Modo: INCREMENTAL (full para dims/snapshots)
2026-06-18 07:31:38,474 [INFO] [INC]  faturamento (a partir de 2026-03-01) ...
python : 
C:\Users\S⁄rgioRiciopo\AppData\Local\Programs\Python\Python314\Lib\site-packages\google\cloud\bigquery\table.py:2086: 
UserWarning: BigQuery Storage module not found, fetch data with the REST endpoint instead.
No C:\BI_Ipameri\scripts\run_etl_diario.ps1:28 caractere:15
+     $output = python "scripts\etl_bigquery.py" 2>&1
+               ~~~~~~~~~~~~~~~~~~~~~~~~~~~~~~~~~~~~~
    + CategoryInfo          : NotSpecified: (C:\Users\S⁄rgio...dpoint instead.:String) [], RemoteException
    + FullyQualifiedErrorId : NativeCommandError
 
  warnings.warn(
2026-06-18 07:31:48,326 [INFO]   OK faturamento: +16,218 novas | 247,387 total -> faturamento.parquet
2026-06-18 07:31:48,373 [INFO] [INC]  arrecadacao (a partir de 2026-04-01) ...
C:\Users\S⁄rgioRiciopo\AppData\Local\Programs\Python\Python314\Lib\site-packages\google\cloud\bigquery\table.py:2086: 
UserWarning: BigQuery Storage module not found, fetch data with the REST endpoint instead.
  warnings.warn(
2026-06-18 07:31:50,274 [INFO]   OK arrecadacao: +789 novas | 10,910 total -> arrecadacao.parquet
2026-06-18 07:31:50,308 [INFO] [INC]  painel_arrecadacao (a partir de 2024-06-11) ...
C:\Users\S⁄rgioRiciopo\AppData\Local\Programs\Python\Python314\Lib\site-packages\google\cloud\bigquery\table.py:2086: 
UserWarning: BigQuery Storage module not found, fetch data with the REST endpoint instead.
  warnings.warn(
2026-06-18 07:31:53,060 [INFO]   OK painel_arrecadacao: +1,537 novas | 549,010 total -> painel_arrecadacao.parquet
2026-06-18 07:31:53,092 [INFO] [INC]  arrecadacao_diaria (a partir de 2026-06-04) ...
C:\Users\S⁄rgioRiciopo\AppData\Local\Programs\Python\Python314\Lib\site-packages\google\cloud\bigquery\table.py:2086: 
UserWarning: BigQuery Storage module not found, fetch data with the REST endpoint instead.
  warnings.warn(
2026-06-18 07:31:55,352 [INFO]   OK arrecadacao_diaria: +2,066 novas | 160,298 total -> arrecadacao_diaria.parquet
2026-06-18 07:31:55,368 [INFO] [INC]  arrecadacao_rubricas (a partir de 2026-04-01) ...
C:\Users\S⁄rgioRiciopo\AppData\Local\Programs\Python\Python314\Lib\site-packages\google\cloud\bigquery\table.py:2086: 
UserWarning: BigQuery Storage module not found, fetch data with the REST endpoint instead.
  warnings.warn(
2026-06-18 07:31:56,958 [INFO]   OK arrecadacao_rubricas: +789 novas | 10,910 total -> arrecadacao_rubricas.parquet
2026-06-18 07:31:56,958 [INFO] [FULL] pendencia_atual ...
C:\Users\S⁄rgioRiciopo\AppData\Local\Programs\Python\Python314\Lib\site-packages\google\cloud\bigquery\table.py:2086: 
UserWarning: BigQuery Storage module not found, fetch data with the REST endpoint instead.
  warnings.warn(
2026-06-18 07:32:01,951 [INFO]   OK pendencia_atual: 20,112 linhas (full) -> pendencia_atual.parquet
2026-06-18 07:32:02,008 [INFO] [INC]  cortes (a partir de 2026-05-17) ...
C:\Users\S⁄rgioRiciopo\AppData\Local\Programs\Python\Python314\Lib\site-packages\google\cloud\bigquery\table.py:2086: 
UserWarning: BigQuery Storage module not found, fetch data with the REST endpoint instead.
  warnings.warn(
2026-06-18 07:32:03,813 [INFO]   OK cortes: +739 novas | 32,648 total -> cortes.parquet
2026-06-18 07:32:03,854 [INFO] [INC]  religacoes (a partir de 2026-05-17) ...
C:\Users\S⁄rgioRiciopo\AppData\Local\Programs\Python\Python314\Lib\site-packages\google\cloud\bigquery\table.py:2086: 
UserWarning: BigQuery Storage module not found, fetch data with the REST endpoint instead.
  warnings.warn(
2026-06-18 07:32:05,713 [INFO]   OK religacoes: +349 novas | 28,243 total -> religacoes.parquet
2026-06-18 07:32:05,767 [INFO] [INC]  servicos (a partir de 2026-06-02) ...
C:\Users\S⁄rgioRiciopo\AppData\Local\Programs\Python\Python314\Lib\site-packages\google\cloud\bigquery\table.py:2086: 
UserWarning: BigQuery Storage module not found, fetch data with the REST endpoint instead.
  warnings.warn(
2026-06-18 07:32:07,874 [INFO]   OK servicos: +1,078 novas | 239,541 total -> servicos.parquet
2026-06-18 07:32:07,917 [INFO] [INC]  leituras (a partir de 2026-04-01) ...
C:\Users\S⁄rgioRiciopo\AppData\Local\Programs\Python\Python314\Lib\site-packages\google\cloud\bigquery\table.py:2086: 
UserWarning: BigQuery Storage module not found, fetch data with the REST endpoint instead.
  warnings.warn(
2026-06-18 07:32:15,227 [INFO]   OK leituras: +31,345 novas | 462,680 total -> leituras.parquet
2026-06-18 07:32:15,244 [INFO] [INC]  backlog_servicos (a partir de 2026-06-03) ...
C:\Users\S⁄rgioRiciopo\AppData\Local\Programs\Python\Python314\Lib\site-packages\google\cloud\bigquery\table.py:2086: 
UserWarning: BigQuery Storage module not found, fetch data with the REST endpoint instead.
  warnings.warn(
2026-06-18 07:32:23,089 [INFO]   OK backlog_servicos: +640 novas | 53,415 total -> backlog_servicos.parquet
2026-06-18 07:32:23,120 [INFO] [INC]  alteracao_fatura_contabil (a partir de 2026-04-01) ...
C:\Users\S⁄rgioRiciopo\AppData\Local\Programs\Python\Python314\Lib\site-packages\google\cloud\bigquery\table.py:2086: 
UserWarning: BigQuery Storage module not found, fetch data with the REST endpoint instead.
  warnings.warn(
2026-06-18 07:32:24,885 [INFO]   OK alteracao_fatura_contabil: +56 novas | 914 total -> alteracao_fatura_contabil.parquet
2026-06-18 07:32:24,886 [INFO] [FULL] dim_bairro ...
C:\Users\S⁄rgioRiciopo\AppData\Local\Programs\Python\Python314\Lib\site-packages\google\cloud\bigquery\table.py:2086: 
UserWarning: BigQuery Storage module not found, fetch data with the REST endpoint instead.
  warnings.warn(
2026-06-18 07:32:26,104 [INFO]   OK dim_bairro: 48 linhas (full) -> dim_bairro.parquet
2026-06-18 07:32:26,105 [INFO] [FULL] dim_grupo ...
C:\Users\S⁄rgioRiciopo\AppData\Local\Programs\Python\Python314\Lib\site-packages\google\cloud\bigquery\table.py:2086: 
UserWarning: BigQuery Storage module not found, fetch data with the REST endpoint instead.
  warnings.warn(
2026-06-18 07:32:27,320 [INFO]   OK dim_grupo: 20 linhas (full) -> dim_grupo.parquet
2026-06-18 07:32:27,321 [INFO] [FULL] dim_categoria ...
C:\Users\S⁄rgioRiciopo\AppData\Local\Programs\Python\Python314\Lib\site-packages\google\cloud\bigquery\table.py:2086: 
UserWarning: BigQuery Storage module not found, fetch data with the REST endpoint instead.
  warnings.warn(
2026-06-18 07:32:28,712 [INFO]   OK dim_categoria: 5 linhas (full) -> dim_categoria.parquet
2026-06-18 07:32:28,712 [INFO] [FULL] dim_classe ...
C:\Users\S⁄rgioRiciopo\AppData\Local\Programs\Python\Python314\Lib\site-packages\google\cloud\bigquery\table.py:2086: 
UserWarning: BigQuery Storage module not found, fetch data with the REST endpoint instead.
  warnings.warn(
2026-06-18 07:32:30,020 [INFO]   OK dim_classe: 3 linhas (full) -> dim_classe.parquet
2026-06-18 07:32:30,020 [INFO] [FULL] dim_situacao_fatura ...
C:\Users\S⁄rgioRiciopo\AppData\Local\Programs\Python\Python314\Lib\site-packages\google\cloud\bigquery\table.py:2086: 
UserWarning: BigQuery Storage module not found, fetch data with the REST endpoint instead.
  warnings.warn(
2026-06-18 07:32:31,363 [INFO]   OK dim_situacao_fatura: 15 linhas (full) -> dim_situacao_fatura.parquet
2026-06-18 07:32:31,364 [INFO] [FULL] dim_situacao_servico ...
C:\Users\S⁄rgioRiciopo\AppData\Local\Programs\Python\Python314\Lib\site-packages\google\cloud\bigquery\table.py:2086: 
UserWarning: BigQuery Storage module not found, fetch data with the REST endpoint instead.
  warnings.warn(
2026-06-18 07:32:32,566 [INFO]   OK dim_situacao_servico: 11 linhas (full) -> dim_situacao_servico.parquet
2026-06-18 07:32:32,567 [INFO] [FULL] dim_agente_arrecadador ...
C:\Users\S⁄rgioRiciopo\AppData\Local\Programs\Python\Python314\Lib\site-packages\google\cloud\bigquery\table.py:2086: 
UserWarning: BigQuery Storage module not found, fetch data with the REST endpoint instead.
  warnings.warn(
2026-06-18 07:32:33,842 [INFO]   OK dim_agente_arrecadador: 9 linhas (full) -> dim_agente_arrecadador.parquet
2026-06-18 07:32:33,843 [INFO] [FULL] dim_forma_arrecadacao ...
C:\Users\S⁄rgioRiciopo\AppData\Local\Programs\Python\Python314\Lib\site-packages\google\cloud\bigquery\table.py:2086: 
UserWarning: BigQuery Storage module not found, fetch data with the REST endpoint instead.
  warnings.warn(
2026-06-18 07:32:35,168 [INFO]   OK dim_forma_arrecadacao: 13 linhas (full) -> dim_forma_arrecadacao.parquet
2026-06-18 07:32:35,168 [INFO] [FULL] dim_leiturista ...
C:\Users\S⁄rgioRiciopo\AppData\Local\Programs\Python\Python314\Lib\site-packages\google\cloud\bigquery\table.py:2086: 
UserWarning: BigQuery Storage module not found, fetch data with the REST endpoint instead.
  warnings.warn(
2026-06-18 07:32:36,330 [INFO]   OK dim_leiturista: 13 linhas (full) -> dim_leiturista.parquet
2026-06-18 07:32:36,330 [INFO] [FULL] dim_equipe ...
C:\Users\S⁄rgioRiciopo\AppData\Local\Programs\Python\Python314\Lib\site-packages\google\cloud\bigquery\table.py:2086: 
UserWarning: BigQuery Storage module not found, fetch data with the REST endpoint instead.
  warnings.warn(
2026-06-18 07:32:37,650 [INFO]   OK dim_equipe: 23 linhas (full) -> dim_equipe.parquet
2026-06-18 07:32:37,651 [INFO] [FULL] dim_setor_operacional ...
C:\Users\S⁄rgioRiciopo\AppData\Local\Programs\Python\Python314\Lib\site-packages\google\cloud\bigquery\table.py:2086: 
UserWarning: BigQuery Storage module not found, fetch data with the REST endpoint instead.
  warnings.warn(
2026-06-18 07:32:38,859 [INFO]   OK dim_setor_operacional: 13 linhas (full) -> dim_setor_operacional.parquet
2026-06-18 07:32:38,859 [INFO] [FULL] dim_ocorrencia ...
C:\Users\S⁄rgioRiciopo\AppData\Local\Programs\Python\Python314\Lib\site-packages\google\cloud\bigquery\table.py:2086: 
UserWarning: BigQuery Storage module not found, fetch data with the REST endpoint instead.
  warnings.warn(
2026-06-18 07:32:40,792 [INFO]   OK dim_ocorrencia: 29 linhas (full) -> dim_ocorrencia.parquet
2026-06-18 07:32:40,793 [INFO] [FULL] dim_servico_definicao ...
C:\Users\S⁄rgioRiciopo\AppData\Local\Programs\Python\Python314\Lib\site-packages\google\cloud\bigquery\table.py:2086: 
UserWarning: BigQuery Storage module not found, fetch data with the REST endpoint instead.
  warnings.warn(
2026-06-18 07:32:42,524 [INFO]   OK dim_servico_definicao: 409 linhas (full) -> dim_servico_definicao.parquet
2026-06-18 07:32:42,524 [INFO] 
2026-06-18 07:32:42,524 [INFO] ETL conclu›do: 2026-06-18 07:32:42
2026-06-18 07:32:42,524 [INFO]   Tabelas full      : 14
2026-06-18 07:32:42,525 [INFO]   Tabelas incrementais: 11
2026-06-18 07:32:42,525 [INFO]   Linhas novas/atualizadas: 55,606
2026-06-18 07:32:42,525 [INFO]   Todas as tabelas conclu›das com sucesso.

[18/06/2026 07:32:43] ETL BigQuery concluido com SUCESSO
[18/06/2026 07:32:43] Iniciando ETL Frota...
Iniciando ETL de Consumo de Frota Combust›vel...

[OK] Arquivo encontrado: RelatorioParametrizado 01-04-26 A 30-04-26.xls
Processando: RelatorioParametrizado 01-04-26 A 30-04-26.xls
  [OK] 41 registros processados

============================================================
RESUMO DA EXTRACAO
============================================================
Total de registros: 41
Data minima: 01/04/2026
Data maxima: 30/04/2026

Motorisas unicos: 9
Veiculos unicos: 14
Modelos unicos: 8

Totalizacoes:
  Combustivel consumido: 2204.10 L
  Valor gasto: R$ 14951.30
  Km rodados: 15035
  Eficiencia media: 6.82 km/L

Top 5 motoristas (por valor):
  JOAO REIS DA SILVA CARNEIRO: R$ 7686.10
  PAULO VICTOR DE OLIVEIRA CARNEIRO: R$ 2083.91
  ODELIO FERNANDES JUNIOR: R$ 1575.37
  SERGIO HENRIQUE DE OLIVEIRA RICIOPO: R$ 1559.05
  CARLOS ANDRE DE CASTRO SILVA: R$ 906.08

[OK] Exportado: frota_combustivel.parquet
[OK] Exportado: dim_veiculo_frota.parquet

ETL concluido com sucesso em 18/06/2026 07:32:43

[18/06/2026 07:32:43] ETL Frota concluido com SUCESSO
[18/06/2026 07:32:43] Publicando no GitHub (Streamlit Cloud)...
