[28/06/2026 11:28:04] ======================================================
[28/06/2026 11:28:04] INICIO ETL DIARIO - Aguas de Ipameri
[28/06/2026 11:28:04] ======================================================
[28/06/2026 11:28:04] Iniciando ETL BigQuery...
2026-06-28 11:28:11,774 [INFO] ============================================================
2026-06-28 11:28:11,776 [INFO] ETL iniciado: 2026-06-28 11:28:11
2026-06-28 11:28:11,776 [INFO] Modo: INCREMENTAL (full para dims/snapshots)
2026-06-28 11:28:12,771 [INFO] [INC]  faturamento (a partir de 2026-03-01) ...
python : 
C:\Users\S⁄rgioRiciopo\AppData\Local\Programs\Python\Python314\Lib\site-packages\google\cloud\bigquery\table.py:2086: 
UserWarning: BigQuery Storage module not found, fetch data with the REST endpoint instead.
No C:\BI_Ipameri\scripts\run_etl_diario.ps1:28 caractere:15
+     $output = python "scripts\etl_bigquery.py" 2>&1
+               ~~~~~~~~~~~~~~~~~~~~~~~~~~~~~~~~~~~~~
    + CategoryInfo          : NotSpecified: (C:\Users\S⁄rgio...dpoint instead.:String) [], RemoteException
    + FullyQualifiedErrorId : NativeCommandError
 
  warnings.warn(
2026-06-28 11:28:21,066 [INFO]   OK faturamento: +16,218 novas | 247,387 total -> faturamento.parquet
2026-06-28 11:28:21,080 [INFO] [INC]  arrecadacao (a partir de 2026-04-01) ...
C:\Users\S⁄rgioRiciopo\AppData\Local\Programs\Python\Python314\Lib\site-packages\google\cloud\bigquery\table.py:2086: 
UserWarning: BigQuery Storage module not found, fetch data with the REST endpoint instead.
  warnings.warn(
2026-06-28 11:28:22,592 [INFO]   OK arrecadacao: +828 novas | 10,949 total -> arrecadacao.parquet
2026-06-28 11:28:22,657 [INFO] [INC]  painel_arrecadacao (a partir de 2024-06-11) ...
C:\Users\S⁄rgioRiciopo\AppData\Local\Programs\Python\Python314\Lib\site-packages\google\cloud\bigquery\table.py:2086: 
UserWarning: BigQuery Storage module not found, fetch data with the REST endpoint instead.
  warnings.warn(
2026-06-28 11:28:25,334 [INFO]   OK painel_arrecadacao: +1,537 novas | 549,010 total -> painel_arrecadacao.parquet
2026-06-28 11:28:25,353 [INFO] [INC]  arrecadacao_diaria (a partir de 2026-06-15) ...
C:\Users\S⁄rgioRiciopo\AppData\Local\Programs\Python\Python314\Lib\site-packages\google\cloud\bigquery\table.py:2086: 
UserWarning: BigQuery Storage module not found, fetch data with the REST endpoint instead.
  warnings.warn(
2026-06-28 11:28:27,458 [INFO]   OK arrecadacao_diaria: +2,040 novas | 161,629 total -> arrecadacao_diaria.parquet
2026-06-28 11:28:27,471 [INFO] [INC]  arrecadacao_rubricas (a partir de 2026-04-01) ...
C:\Users\S⁄rgioRiciopo\AppData\Local\Programs\Python\Python314\Lib\site-packages\google\cloud\bigquery\table.py:2086: 
UserWarning: BigQuery Storage module not found, fetch data with the REST endpoint instead.
  warnings.warn(
2026-06-28 11:28:28,868 [INFO]   OK arrecadacao_rubricas: +828 novas | 10,949 total -> arrecadacao_rubricas.parquet
2026-06-28 11:28:28,868 [INFO] [FULL] pendencia_atual ...
C:\Users\S⁄rgioRiciopo\AppData\Local\Programs\Python\Python314\Lib\site-packages\google\cloud\bigquery\table.py:2086: 
UserWarning: BigQuery Storage module not found, fetch data with the REST endpoint instead.
  warnings.warn(
2026-06-28 11:28:33,406 [INFO]   OK pendencia_atual: 19,049 linhas (full) -> pendencia_atual.parquet
2026-06-28 11:28:33,421 [INFO] [INC]  cortes (a partir de 2026-05-26) ...
C:\Users\S⁄rgioRiciopo\AppData\Local\Programs\Python\Python314\Lib\site-packages\google\cloud\bigquery\table.py:2086: 
UserWarning: BigQuery Storage module not found, fetch data with the REST endpoint instead.
  warnings.warn(
2026-06-28 11:28:35,344 [INFO]   OK cortes: +853 novas | 33,122 total -> cortes.parquet
2026-06-28 11:28:35,359 [INFO] [INC]  religacoes (a partir de 2026-05-26) ...
C:\Users\S⁄rgioRiciopo\AppData\Local\Programs\Python\Python314\Lib\site-packages\google\cloud\bigquery\table.py:2086: 
UserWarning: BigQuery Storage module not found, fetch data with the REST endpoint instead.
  warnings.warn(
2026-06-28 11:28:38,699 [INFO]   OK religacoes: +385 novas | 28,370 total -> religacoes.parquet
2026-06-28 11:28:38,750 [INFO] [INC]  servicos (a partir de 2026-06-11) ...
C:\Users\S⁄rgioRiciopo\AppData\Local\Programs\Python\Python314\Lib\site-packages\google\cloud\bigquery\table.py:2086: 
UserWarning: BigQuery Storage module not found, fetch data with the REST endpoint instead.
  warnings.warn(
2026-06-28 11:28:41,174 [INFO]   OK servicos: +1,372 novas | 240,861 total -> servicos.parquet
2026-06-28 11:28:41,203 [INFO] [INC]  leituras (a partir de 2026-04-01) ...
C:\Users\S⁄rgioRiciopo\AppData\Local\Programs\Python\Python314\Lib\site-packages\google\cloud\bigquery\table.py:2086: 
UserWarning: BigQuery Storage module not found, fetch data with the REST endpoint instead.
  warnings.warn(
2026-06-28 11:28:49,171 [INFO]   OK leituras: +33,383 novas | 464,718 total -> leituras.parquet
2026-06-28 11:28:49,186 [INFO] [INC]  backlog_servicos (a partir de 2026-06-11) ...
C:\Users\S⁄rgioRiciopo\AppData\Local\Programs\Python\Python314\Lib\site-packages\google\cloud\bigquery\table.py:2086: 
UserWarning: BigQuery Storage module not found, fetch data with the REST endpoint instead.
  warnings.warn(
2026-06-28 11:28:51,007 [INFO]   OK backlog_servicos: +803 novas | 53,870 total -> backlog_servicos.parquet
2026-06-28 11:28:51,014 [INFO] [INC]  alteracao_fatura_contabil (a partir de 2026-04-01) ...
C:\Users\S⁄rgioRiciopo\AppData\Local\Programs\Python\Python314\Lib\site-packages\google\cloud\bigquery\table.py:2086: 
UserWarning: BigQuery Storage module not found, fetch data with the REST endpoint instead.
  warnings.warn(
2026-06-28 11:28:52,314 [INFO]   OK alteracao_fatura_contabil: +57 novas | 915 total -> alteracao_fatura_contabil.parquet
2026-06-28 11:28:52,314 [INFO] [FULL] dim_bairro ...
C:\Users\S⁄rgioRiciopo\AppData\Local\Programs\Python\Python314\Lib\site-packages\google\cloud\bigquery\table.py:2086: 
UserWarning: BigQuery Storage module not found, fetch data with the REST endpoint instead.
  warnings.warn(
2026-06-28 11:28:53,600 [INFO]   OK dim_bairro: 48 linhas (full) -> dim_bairro.parquet
2026-06-28 11:28:53,601 [INFO] [FULL] dim_grupo ...
C:\Users\S⁄rgioRiciopo\AppData\Local\Programs\Python\Python314\Lib\site-packages\google\cloud\bigquery\table.py:2086: 
UserWarning: BigQuery Storage module not found, fetch data with the REST endpoint instead.
  warnings.warn(
2026-06-28 11:28:54,883 [INFO]   OK dim_grupo: 20 linhas (full) -> dim_grupo.parquet
2026-06-28 11:28:54,883 [INFO] [FULL] dim_categoria ...
C:\Users\S⁄rgioRiciopo\AppData\Local\Programs\Python\Python314\Lib\site-packages\google\cloud\bigquery\table.py:2086: 
UserWarning: BigQuery Storage module not found, fetch data with the REST endpoint instead.
  warnings.warn(
2026-06-28 11:28:56,352 [INFO]   OK dim_categoria: 5 linhas (full) -> dim_categoria.parquet
2026-06-28 11:28:56,352 [INFO] [FULL] dim_classe ...
C:\Users\S⁄rgioRiciopo\AppData\Local\Programs\Python\Python314\Lib\site-packages\google\cloud\bigquery\table.py:2086: 
UserWarning: BigQuery Storage module not found, fetch data with the REST endpoint instead.
  warnings.warn(
2026-06-28 11:28:57,576 [INFO]   OK dim_classe: 3 linhas (full) -> dim_classe.parquet
2026-06-28 11:28:57,576 [INFO] [FULL] dim_situacao_fatura ...
C:\Users\S⁄rgioRiciopo\AppData\Local\Programs\Python\Python314\Lib\site-packages\google\cloud\bigquery\table.py:2086: 
UserWarning: BigQuery Storage module not found, fetch data with the REST endpoint instead.
  warnings.warn(
2026-06-28 11:28:58,704 [INFO]   OK dim_situacao_fatura: 15 linhas (full) -> dim_situacao_fatura.parquet
2026-06-28 11:28:58,704 [INFO] [FULL] dim_situacao_servico ...
C:\Users\S⁄rgioRiciopo\AppData\Local\Programs\Python\Python314\Lib\site-packages\google\cloud\bigquery\table.py:2086: 
UserWarning: BigQuery Storage module not found, fetch data with the REST endpoint instead.
  warnings.warn(
2026-06-28 11:28:59,924 [INFO]   OK dim_situacao_servico: 11 linhas (full) -> dim_situacao_servico.parquet
2026-06-28 11:28:59,925 [INFO] [FULL] dim_agente_arrecadador ...
C:\Users\S⁄rgioRiciopo\AppData\Local\Programs\Python\Python314\Lib\site-packages\google\cloud\bigquery\table.py:2086: 
UserWarning: BigQuery Storage module not found, fetch data with the REST endpoint instead.
  warnings.warn(
2026-06-28 11:29:01,084 [INFO]   OK dim_agente_arrecadador: 9 linhas (full) -> dim_agente_arrecadador.parquet
2026-06-28 11:29:01,084 [INFO] [FULL] dim_forma_arrecadacao ...
C:\Users\S⁄rgioRiciopo\AppData\Local\Programs\Python\Python314\Lib\site-packages\google\cloud\bigquery\table.py:2086: 
UserWarning: BigQuery Storage module not found, fetch data with the REST endpoint instead.
  warnings.warn(
2026-06-28 11:29:02,269 [INFO]   OK dim_forma_arrecadacao: 13 linhas (full) -> dim_forma_arrecadacao.parquet
2026-06-28 11:29:02,269 [INFO] [FULL] dim_leiturista ...
C:\Users\S⁄rgioRiciopo\AppData\Local\Programs\Python\Python314\Lib\site-packages\google\cloud\bigquery\table.py:2086: 
UserWarning: BigQuery Storage module not found, fetch data with the REST endpoint instead.
  warnings.warn(
2026-06-28 11:29:03,692 [INFO]   OK dim_leiturista: 13 linhas (full) -> dim_leiturista.parquet
2026-06-28 11:29:03,693 [INFO] [FULL] dim_equipe ...
C:\Users\S⁄rgioRiciopo\AppData\Local\Programs\Python\Python314\Lib\site-packages\google\cloud\bigquery\table.py:2086: 
UserWarning: BigQuery Storage module not found, fetch data with the REST endpoint instead.
  warnings.warn(
2026-06-28 11:29:05,074 [INFO]   OK dim_equipe: 24 linhas (full) -> dim_equipe.parquet
2026-06-28 11:29:05,074 [INFO] [FULL] dim_setor_operacional ...
C:\Users\S⁄rgioRiciopo\AppData\Local\Programs\Python\Python314\Lib\site-packages\google\cloud\bigquery\table.py:2086: 
UserWarning: BigQuery Storage module not found, fetch data with the REST endpoint instead.
  warnings.warn(
2026-06-28 11:29:06,672 [INFO]   OK dim_setor_operacional: 13 linhas (full) -> dim_setor_operacional.parquet
2026-06-28 11:29:06,672 [INFO] [FULL] dim_ocorrencia ...
C:\Users\S⁄rgioRiciopo\AppData\Local\Programs\Python\Python314\Lib\site-packages\google\cloud\bigquery\table.py:2086: 
UserWarning: BigQuery Storage module not found, fetch data with the REST endpoint instead.
  warnings.warn(
2026-06-28 11:29:08,449 [INFO]   OK dim_ocorrencia: 29 linhas (full) -> dim_ocorrencia.parquet
2026-06-28 11:29:08,449 [INFO] [FULL] dim_servico_definicao ...
C:\Users\S⁄rgioRiciopo\AppData\Local\Programs\Python\Python314\Lib\site-packages\google\cloud\bigquery\table.py:2086: 
UserWarning: BigQuery Storage module not found, fetch data with the REST endpoint instead.
  warnings.warn(
2026-06-28 11:29:09,526 [INFO]   OK dim_servico_definicao: 409 linhas (full) -> dim_servico_definicao.parquet
2026-06-28 11:29:09,526 [INFO] 
2026-06-28 11:29:09,526 [INFO] ETL conclu›do: 2026-06-28 11:29:09
2026-06-28 11:29:09,526 [INFO]   Tabelas full      : 14
2026-06-28 11:29:09,526 [INFO]   Tabelas incrementais: 11
2026-06-28 11:29:09,526 [INFO]   Linhas novas/atualizadas: 58,304
2026-06-28 11:29:09,526 [INFO]   Todas as tabelas conclu›das com sucesso.

[28/06/2026 11:29:10] ETL BigQuery concluido com SUCESSO
[28/06/2026 11:29:10] Iniciando ETL Frota...
Iniciando ETL de Consumo de Frota Combust›vel...

[OK] Arquivo encontrado: RelatorioParametrizado 01-04-26 A 30-04-26.xls
Processando: RelatorioParametrizado 01-04-26 A 30-04-26.xls
  [OK] 41 registros processados

============================================================
RESUMO DA EXTRACAO
============================================================
Total de registros: 41
Data minima: 01/04/2026
Data maxima: 30/04/2026

Motorisas unicos: 9
Veiculos unicos: 14
Modelos unicos: 8

Totalizacoes:
  Combustivel consumido: 2204.10 L
  Valor gasto: R$ 14951.30
  Km rodados: 15035
  Eficiencia media: 6.82 km/L

Top 5 motoristas (por valor):
  JOAO REIS DA SILVA CARNEIRO: R$ 7686.10
  PAULO VICTOR DE OLIVEIRA CARNEIRO: R$ 2083.91
  ODELIO FERNANDES JUNIOR: R$ 1575.37
  SERGIO HENRIQUE DE OLIVEIRA RICIOPO: R$ 1559.05
  CARLOS ANDRE DE CASTRO SILVA: R$ 906.08

[OK] Exportado: frota_combustivel.parquet
[OK] Exportado: dim_veiculo_frota.parquet

ETL concluido com sucesso em 28/06/2026 11:29:11

[28/06/2026 11:29:11] ETL Frota concluido com SUCESSO
[28/06/2026 11:29:11] Publicando no GitHub (Streamlit Cloud)...
