[02/06/2026 07:30:03] ======================================================
[02/06/2026 07:30:03] INICIO ETL DIARIO - Aguas de Ipameri
[02/06/2026 07:30:03] ======================================================
[02/06/2026 07:30:03] Iniciando ETL BigQuery...
2026-06-02 07:30:05,998 [INFO] ============================================================
2026-06-02 07:30:05,999 [INFO] ETL iniciado: 2026-06-02 07:30:05
2026-06-02 07:30:05,999 [INFO] Modo: INCREMENTAL (full para dims/snapshots)
2026-06-02 07:30:06,254 [INFO] [INC]  faturamento (a partir de 2026-03-01) ...
python : 
C:\Users\S⁄rgioRiciopo\AppData\Local\Programs\Python\Python314\Lib\site-packages\google\cloud\bigquery\table.py:2086: 
UserWarning: BigQuery Storage module not found, fetch data with the REST endpoint instead.
No C:\BI_Ipameri\scripts\run_etl_diario.ps1:28 caractere:15
+     $output = python "scripts\etl_bigquery.py" 2>&1
+               ~~~~~~~~~~~~~~~~~~~~~~~~~~~~~~~~~~~~~
    + CategoryInfo          : NotSpecified: (C:\Users\S⁄rgio...dpoint instead.:String) [], RemoteException
    + FullyQualifiedErrorId : NativeCommandError
 
  warnings.warn(
2026-06-02 07:30:14,750 [INFO]   OK faturamento: +16,220 novas | 247,389 total -> faturamento.parquet
2026-06-02 07:30:14,800 [INFO] [INC]  arrecadacao (a partir de 2026-03-01) ...
C:\Users\S⁄rgioRiciopo\AppData\Local\Programs\Python\Python314\Lib\site-packages\google\cloud\bigquery\table.py:2086: 
UserWarning: BigQuery Storage module not found, fetch data with the REST endpoint instead.
  warnings.warn(
2026-06-02 07:30:16,323 [INFO]   OK arrecadacao: +843 novas | 10,676 total -> arrecadacao.parquet
2026-06-02 07:30:16,361 [INFO] [INC]  painel_arrecadacao (a partir de 2024-06-11) ...
C:\Users\S⁄rgioRiciopo\AppData\Local\Programs\Python\Python314\Lib\site-packages\google\cloud\bigquery\table.py:2086: 
UserWarning: BigQuery Storage module not found, fetch data with the REST endpoint instead.
  warnings.warn(
2026-06-02 07:30:18,755 [INFO]   OK painel_arrecadacao: +1,537 novas | 549,010 total -> painel_arrecadacao.parquet
2026-06-02 07:30:18,775 [INFO] [INC]  arrecadacao_diaria (a partir de 2026-05-20) ...
C:\Users\S⁄rgioRiciopo\AppData\Local\Programs\Python\Python314\Lib\site-packages\google\cloud\bigquery\table.py:2086: 
UserWarning: BigQuery Storage module not found, fetch data with the REST endpoint instead.
  warnings.warn(
2026-06-02 07:30:20,641 [INFO]   OK arrecadacao_diaria: +1,625 novas | 157,912 total -> arrecadacao_diaria.parquet
2026-06-02 07:30:20,657 [INFO] [INC]  arrecadacao_rubricas (a partir de 2026-03-01) ...
C:\Users\S⁄rgioRiciopo\AppData\Local\Programs\Python\Python314\Lib\site-packages\google\cloud\bigquery\table.py:2086: 
UserWarning: BigQuery Storage module not found, fetch data with the REST endpoint instead.
  warnings.warn(
2026-06-02 07:30:22,267 [INFO]   OK arrecadacao_rubricas: +843 novas | 10,676 total -> arrecadacao_rubricas.parquet
2026-06-02 07:30:22,267 [INFO] [FULL] pendencia_atual ...
C:\Users\S⁄rgioRiciopo\AppData\Local\Programs\Python\Python314\Lib\site-packages\google\cloud\bigquery\table.py:2086: 
UserWarning: BigQuery Storage module not found, fetch data with the REST endpoint instead.
  warnings.warn(
2026-06-02 07:30:27,392 [INFO]   OK pendencia_atual: 17,828 linhas (full) -> pendencia_atual.parquet
2026-06-02 07:30:27,425 [INFO] [INC]  cortes (a partir de 2026-04-27) ...
C:\Users\S⁄rgioRiciopo\AppData\Local\Programs\Python\Python314\Lib\site-packages\google\cloud\bigquery\table.py:2086: 
UserWarning: BigQuery Storage module not found, fetch data with the REST endpoint instead.
  warnings.warn(
2026-06-02 07:30:29,168 [INFO]   OK cortes: +705 novas | 31,931 total -> cortes.parquet
2026-06-02 07:30:29,197 [INFO] [INC]  religacoes (a partir de 2026-04-29) ...
C:\Users\S⁄rgioRiciopo\AppData\Local\Programs\Python\Python314\Lib\site-packages\google\cloud\bigquery\table.py:2086: 
UserWarning: BigQuery Storage module not found, fetch data with the REST endpoint instead.
  warnings.warn(
2026-06-02 07:30:31,133 [INFO]   OK religacoes: +329 novas | 28,060 total -> religacoes.parquet
2026-06-02 07:30:31,167 [INFO] [INC]  servicos (a partir de 2026-05-15) ...
C:\Users\S⁄rgioRiciopo\AppData\Local\Programs\Python\Python314\Lib\site-packages\google\cloud\bigquery\table.py:2086: 
UserWarning: BigQuery Storage module not found, fetch data with the REST endpoint instead.
  warnings.warn(
2026-06-02 07:30:33,065 [INFO]   OK servicos: +1,154 novas | 237,453 total -> servicos.parquet
2026-06-02 07:30:33,097 [INFO] [INC]  leituras (a partir de 2026-03-01) ...
C:\Users\S⁄rgioRiciopo\AppData\Local\Programs\Python\Python314\Lib\site-packages\google\cloud\bigquery\table.py:2086: 
UserWarning: BigQuery Storage module not found, fetch data with the REST endpoint instead.
  warnings.warn(
2026-06-02 07:30:42,976 [INFO]   OK leituras: +33,630 novas | 453,680 total -> leituras.parquet
2026-06-02 07:30:42,995 [INFO] [INC]  backlog_servicos (a partir de 2026-05-16) ...
C:\Users\S⁄rgioRiciopo\AppData\Local\Programs\Python\Python314\Lib\site-packages\google\cloud\bigquery\table.py:2086: 
UserWarning: BigQuery Storage module not found, fetch data with the REST endpoint instead.
  warnings.warn(
2026-06-02 07:30:44,519 [INFO]   OK backlog_servicos: +781 novas | 52,708 total -> backlog_servicos.parquet
2026-06-02 07:30:44,527 [INFO] [INC]  alteracao_fatura_contabil (a partir de 2026-03-01) ...
C:\Users\S⁄rgioRiciopo\AppData\Local\Programs\Python\Python314\Lib\site-packages\google\cloud\bigquery\table.py:2086: 
UserWarning: BigQuery Storage module not found, fetch data with the REST endpoint instead.
  warnings.warn(
2026-06-02 07:30:45,919 [INFO]   OK alteracao_fatura_contabil: +71 novas | 904 total -> alteracao_fatura_contabil.parquet
2026-06-02 07:30:45,919 [INFO] [FULL] dim_bairro ...
C:\Users\S⁄rgioRiciopo\AppData\Local\Programs\Python\Python314\Lib\site-packages\google\cloud\bigquery\table.py:2086: 
UserWarning: BigQuery Storage module not found, fetch data with the REST endpoint instead.
  warnings.warn(
2026-06-02 07:30:47,311 [INFO]   OK dim_bairro: 47 linhas (full) -> dim_bairro.parquet
2026-06-02 07:30:47,312 [INFO] [FULL] dim_grupo ...
C:\Users\S⁄rgioRiciopo\AppData\Local\Programs\Python\Python314\Lib\site-packages\google\cloud\bigquery\table.py:2086: 
UserWarning: BigQuery Storage module not found, fetch data with the REST endpoint instead.
  warnings.warn(
2026-06-02 07:30:48,872 [INFO]   OK dim_grupo: 20 linhas (full) -> dim_grupo.parquet
2026-06-02 07:30:48,872 [INFO] [FULL] dim_categoria ...
C:\Users\S⁄rgioRiciopo\AppData\Local\Programs\Python\Python314\Lib\site-packages\google\cloud\bigquery\table.py:2086: 
UserWarning: BigQuery Storage module not found, fetch data with the REST endpoint instead.
  warnings.warn(
2026-06-02 07:30:50,219 [INFO]   OK dim_categoria: 5 linhas (full) -> dim_categoria.parquet
2026-06-02 07:30:50,219 [INFO] [FULL] dim_classe ...
C:\Users\S⁄rgioRiciopo\AppData\Local\Programs\Python\Python314\Lib\site-packages\google\cloud\bigquery\table.py:2086: 
UserWarning: BigQuery Storage module not found, fetch data with the REST endpoint instead.
  warnings.warn(
2026-06-02 07:30:51,752 [INFO]   OK dim_classe: 3 linhas (full) -> dim_classe.parquet
2026-06-02 07:30:51,752 [INFO] [FULL] dim_situacao_fatura ...
C:\Users\S⁄rgioRiciopo\AppData\Local\Programs\Python\Python314\Lib\site-packages\google\cloud\bigquery\table.py:2086: 
UserWarning: BigQuery Storage module not found, fetch data with the REST endpoint instead.
  warnings.warn(
2026-06-02 07:30:53,014 [INFO]   OK dim_situacao_fatura: 15 linhas (full) -> dim_situacao_fatura.parquet
2026-06-02 07:30:53,014 [INFO] [FULL] dim_situacao_servico ...
C:\Users\S⁄rgioRiciopo\AppData\Local\Programs\Python\Python314\Lib\site-packages\google\cloud\bigquery\table.py:2086: 
UserWarning: BigQuery Storage module not found, fetch data with the REST endpoint instead.
  warnings.warn(
2026-06-02 07:30:54,353 [INFO]   OK dim_situacao_servico: 11 linhas (full) -> dim_situacao_servico.parquet
2026-06-02 07:30:54,354 [INFO] [FULL] dim_agente_arrecadador ...
C:\Users\S⁄rgioRiciopo\AppData\Local\Programs\Python\Python314\Lib\site-packages\google\cloud\bigquery\table.py:2086: 
UserWarning: BigQuery Storage module not found, fetch data with the REST endpoint instead.
  warnings.warn(
2026-06-02 07:30:55,630 [INFO]   OK dim_agente_arrecadador: 9 linhas (full) -> dim_agente_arrecadador.parquet
2026-06-02 07:30:55,630 [INFO] [FULL] dim_forma_arrecadacao ...
C:\Users\S⁄rgioRiciopo\AppData\Local\Programs\Python\Python314\Lib\site-packages\google\cloud\bigquery\table.py:2086: 
UserWarning: BigQuery Storage module not found, fetch data with the REST endpoint instead.
  warnings.warn(
2026-06-02 07:30:57,239 [INFO]   OK dim_forma_arrecadacao: 13 linhas (full) -> dim_forma_arrecadacao.parquet
2026-06-02 07:30:57,239 [INFO] [FULL] dim_leiturista ...
C:\Users\S⁄rgioRiciopo\AppData\Local\Programs\Python\Python314\Lib\site-packages\google\cloud\bigquery\table.py:2086: 
UserWarning: BigQuery Storage module not found, fetch data with the REST endpoint instead.
  warnings.warn(
2026-06-02 07:30:58,372 [INFO]   OK dim_leiturista: 13 linhas (full) -> dim_leiturista.parquet
2026-06-02 07:30:58,373 [INFO] [FULL] dim_equipe ...
C:\Users\S⁄rgioRiciopo\AppData\Local\Programs\Python\Python314\Lib\site-packages\google\cloud\bigquery\table.py:2086: 
UserWarning: BigQuery Storage module not found, fetch data with the REST endpoint instead.
  warnings.warn(
2026-06-02 07:30:59,568 [INFO]   OK dim_equipe: 22 linhas (full) -> dim_equipe.parquet
2026-06-02 07:30:59,568 [INFO] [FULL] dim_setor_operacional ...
C:\Users\S⁄rgioRiciopo\AppData\Local\Programs\Python\Python314\Lib\site-packages\google\cloud\bigquery\table.py:2086: 
UserWarning: BigQuery Storage module not found, fetch data with the REST endpoint instead.
  warnings.warn(
2026-06-02 07:31:00,929 [INFO]   OK dim_setor_operacional: 13 linhas (full) -> dim_setor_operacional.parquet
2026-06-02 07:31:00,929 [INFO] [FULL] dim_ocorrencia ...
C:\Users\S⁄rgioRiciopo\AppData\Local\Programs\Python\Python314\Lib\site-packages\google\cloud\bigquery\table.py:2086: 
UserWarning: BigQuery Storage module not found, fetch data with the REST endpoint instead.
  warnings.warn(
2026-06-02 07:31:02,167 [INFO]   OK dim_ocorrencia: 29 linhas (full) -> dim_ocorrencia.parquet
2026-06-02 07:31:02,167 [INFO] [FULL] dim_servico_definicao ...
C:\Users\S⁄rgioRiciopo\AppData\Local\Programs\Python\Python314\Lib\site-packages\google\cloud\bigquery\table.py:2086: 
UserWarning: BigQuery Storage module not found, fetch data with the REST endpoint instead.
  warnings.warn(
2026-06-02 07:31:03,499 [INFO]   OK dim_servico_definicao: 409 linhas (full) -> dim_servico_definicao.parquet
2026-06-02 07:31:03,499 [INFO] 
2026-06-02 07:31:03,500 [INFO] ETL conclu›do: 2026-06-02 07:31:03
2026-06-02 07:31:03,500 [INFO]   Tabelas full      : 14
2026-06-02 07:31:03,500 [INFO]   Tabelas incrementais: 11
2026-06-02 07:31:03,500 [INFO]   Linhas novas/atualizadas: 57,738
2026-06-02 07:31:03,501 [INFO]   Todas as tabelas conclu›das com sucesso.

[02/06/2026 07:31:03] ETL BigQuery concluido com SUCESSO
[02/06/2026 07:31:03] Iniciando ETL Frota...
Iniciando ETL de Consumo de Frota Combust›vel...

[OK] Arquivo encontrado: RelatorioParametrizado 01-04-26 A 30-04-26.xls
Processando: RelatorioParametrizado 01-04-26 A 30-04-26.xls
  [OK] 41 registros processados

============================================================
RESUMO DA EXTRACAO
============================================================
Total de registros: 41
Data minima: 01/04/2026
Data maxima: 30/04/2026

Motorisas unicos: 9
Veiculos unicos: 14
Modelos unicos: 8

Totalizacoes:
  Combustivel consumido: 2204.10 L
  Valor gasto: R$ 14951.30
  Km rodados: 15035
  Eficiencia media: 6.82 km/L

Top 5 motoristas (por valor):
  JOAO REIS DA SILVA CARNEIRO: R$ 7686.10
  PAULO VICTOR DE OLIVEIRA CARNEIRO: R$ 2083.91
  ODELIO FERNANDES JUNIOR: R$ 1575.37
  SERGIO HENRIQUE DE OLIVEIRA RICIOPO: R$ 1559.05
  CARLOS ANDRE DE CASTRO SILVA: R$ 906.08

[OK] Exportado: frota_combustivel.parquet
[OK] Exportado: dim_veiculo_frota.parquet

ETL concluido com sucesso em 02/06/2026 07:31:04

[02/06/2026 07:31:04] ETL Frota concluido com SUCESSO
[02/06/2026 07:31:04] Publicando no GitHub (Streamlit Cloud)...
