[03/07/2026 07:30:03] ======================================================
[03/07/2026 07:30:03] INICIO ETL DIARIO - Aguas de Ipameri
[03/07/2026 07:30:03] ======================================================
[03/07/2026 07:30:03] Iniciando ETL BigQuery...
2026-07-03 07:30:05,534 [INFO] ============================================================
2026-07-03 07:30:05,535 [INFO] ETL iniciado: 2026-07-03 07:30:05
2026-07-03 07:30:05,535 [INFO] Modo: INCREMENTAL (full para dims/snapshots)
2026-07-03 07:30:05,775 [INFO] [INC]  faturamento (a partir de 2026-04-01) ...
python : 
C:\Users\S⁄rgioRiciopo\AppData\Local\Programs\Python\Python314\Lib\site-packages\google\cloud\bigquery\table.py:2086: 
UserWarning: BigQuery Storage module not found, fetch data with the REST endpoint instead.
No C:\BI_Ipameri\scripts\run_etl_diario.ps1:28 caractere:15
+     $output = python "scripts\etl_bigquery.py" 2>&1
+               ~~~~~~~~~~~~~~~~~~~~~~~~~~~~~~~~~~~~~
    + CategoryInfo          : NotSpecified: (C:\Users\S⁄rgio...dpoint instead.:String) [], RemoteException
    + FullyQualifiedErrorId : NativeCommandError
 
  warnings.warn(
2026-07-03 07:30:20,647 [INFO]   OK faturamento: +16,167 novas | 252,723 total -> faturamento.parquet
2026-07-03 07:30:20,668 [INFO] [INC]  arrecadacao (a partir de 2026-04-01) ...
C:\Users\S⁄rgioRiciopo\AppData\Local\Programs\Python\Python314\Lib\site-packages\google\cloud\bigquery\table.py:2086: 
UserWarning: BigQuery Storage module not found, fetch data with the REST endpoint instead.
  warnings.warn(
2026-07-03 07:30:22,423 [INFO]   OK arrecadacao: +918 novas | 11,039 total -> arrecadacao.parquet
2026-07-03 07:30:22,476 [INFO] [INC]  painel_arrecadacao (a partir de 2024-06-11) ...
C:\Users\S⁄rgioRiciopo\AppData\Local\Programs\Python\Python314\Lib\site-packages\google\cloud\bigquery\table.py:2086: 
UserWarning: BigQuery Storage module not found, fetch data with the REST endpoint instead.
  warnings.warn(
2026-07-03 07:30:24,988 [INFO]   OK painel_arrecadacao: +1,537 novas | 549,010 total -> painel_arrecadacao.parquet
2026-07-03 07:30:25,013 [INFO] [INC]  arrecadacao_diaria (a partir de 2026-06-19) ...
C:\Users\S⁄rgioRiciopo\AppData\Local\Programs\Python\Python314\Lib\site-packages\google\cloud\bigquery\table.py:2086: 
UserWarning: BigQuery Storage module not found, fetch data with the REST endpoint instead.
  warnings.warn(
2026-07-03 07:30:26,869 [INFO]   OK arrecadacao_diaria: +1,806 novas | 162,191 total -> arrecadacao_diaria.parquet
2026-07-03 07:30:26,886 [INFO] [INC]  arrecadacao_rubricas (a partir de 2026-04-01) ...
C:\Users\S⁄rgioRiciopo\AppData\Local\Programs\Python\Python314\Lib\site-packages\google\cloud\bigquery\table.py:2086: 
UserWarning: BigQuery Storage module not found, fetch data with the REST endpoint instead.
  warnings.warn(
2026-07-03 07:30:28,444 [INFO]   OK arrecadacao_rubricas: +918 novas | 11,039 total -> arrecadacao_rubricas.parquet
2026-07-03 07:30:28,445 [INFO] [FULL] pendencia_atual ...
C:\Users\S⁄rgioRiciopo\AppData\Local\Programs\Python\Python314\Lib\site-packages\google\cloud\bigquery\table.py:2086: 
UserWarning: BigQuery Storage module not found, fetch data with the REST endpoint instead.
  warnings.warn(
2026-07-03 07:30:33,026 [INFO]   OK pendencia_atual: 18,424 linhas (full) -> pendencia_atual.parquet
2026-07-03 07:30:33,052 [INFO] [INC]  cortes (a partir de 2026-06-01) ...
C:\Users\S⁄rgioRiciopo\AppData\Local\Programs\Python\Python314\Lib\site-packages\google\cloud\bigquery\table.py:2086: 
UserWarning: BigQuery Storage module not found, fetch data with the REST endpoint instead.
  warnings.warn(
2026-07-03 07:30:34,832 [INFO]   OK cortes: +812 novas | 33,274 total -> cortes.parquet
2026-07-03 07:30:34,854 [INFO] [INC]  religacoes (a partir de 2026-06-01) ...
C:\Users\S⁄rgioRiciopo\AppData\Local\Programs\Python\Python314\Lib\site-packages\google\cloud\bigquery\table.py:2086: 
UserWarning: BigQuery Storage module not found, fetch data with the REST endpoint instead.
  warnings.warn(
2026-07-03 07:30:36,847 [INFO]   OK religacoes: +368 novas | 28,420 total -> religacoes.parquet
2026-07-03 07:30:36,900 [INFO] [INC]  servicos (a partir de 2026-06-17) ...
C:\Users\S⁄rgioRiciopo\AppData\Local\Programs\Python\Python314\Lib\site-packages\google\cloud\bigquery\table.py:2086: 
UserWarning: BigQuery Storage module not found, fetch data with the REST endpoint instead.
  warnings.warn(
2026-07-03 07:30:39,278 [INFO]   OK servicos: +1,554 novas | 241,792 total -> servicos.parquet
2026-07-03 07:30:39,308 [INFO] [INC]  leituras (a partir de 2026-04-01) ...
C:\Users\S⁄rgioRiciopo\AppData\Local\Programs\Python\Python314\Lib\site-packages\google\cloud\bigquery\table.py:2086: 
UserWarning: BigQuery Storage module not found, fetch data with the REST endpoint instead.
  warnings.warn(
2026-07-03 07:30:47,737 [INFO]   OK leituras: +34,286 novas | 465,621 total -> leituras.parquet
2026-07-03 07:30:47,752 [INFO] [INC]  backlog_servicos (a partir de 2026-06-18) ...
C:\Users\S⁄rgioRiciopo\AppData\Local\Programs\Python\Python314\Lib\site-packages\google\cloud\bigquery\table.py:2086: 
UserWarning: BigQuery Storage module not found, fetch data with the REST endpoint instead.
  warnings.warn(
2026-07-03 07:30:49,296 [INFO]   OK backlog_servicos: +736 novas | 54,147 total -> backlog_servicos.parquet
2026-07-03 07:30:49,304 [INFO] [INC]  alteracao_fatura_contabil (a partir de 2026-04-01) ...
C:\Users\S⁄rgioRiciopo\AppData\Local\Programs\Python\Python314\Lib\site-packages\google\cloud\bigquery\table.py:2086: 
UserWarning: BigQuery Storage module not found, fetch data with the REST endpoint instead.
  warnings.warn(
2026-07-03 07:30:50,603 [INFO]   OK alteracao_fatura_contabil: +57 novas | 915 total -> alteracao_fatura_contabil.parquet
2026-07-03 07:30:50,603 [INFO] [FULL] dim_bairro ...
C:\Users\S⁄rgioRiciopo\AppData\Local\Programs\Python\Python314\Lib\site-packages\google\cloud\bigquery\table.py:2086: 
UserWarning: BigQuery Storage module not found, fetch data with the REST endpoint instead.
  warnings.warn(
2026-07-03 07:30:51,966 [INFO]   OK dim_bairro: 48 linhas (full) -> dim_bairro.parquet
2026-07-03 07:30:51,967 [INFO] [FULL] dim_grupo ...
C:\Users\S⁄rgioRiciopo\AppData\Local\Programs\Python\Python314\Lib\site-packages\google\cloud\bigquery\table.py:2086: 
UserWarning: BigQuery Storage module not found, fetch data with the REST endpoint instead.
  warnings.warn(
2026-07-03 07:30:53,291 [INFO]   OK dim_grupo: 20 linhas (full) -> dim_grupo.parquet
2026-07-03 07:30:53,291 [INFO] [FULL] dim_categoria ...
C:\Users\S⁄rgioRiciopo\AppData\Local\Programs\Python\Python314\Lib\site-packages\google\cloud\bigquery\table.py:2086: 
UserWarning: BigQuery Storage module not found, fetch data with the REST endpoint instead.
  warnings.warn(
2026-07-03 07:30:54,753 [INFO]   OK dim_categoria: 5 linhas (full) -> dim_categoria.parquet
2026-07-03 07:30:54,753 [INFO] [FULL] dim_classe ...
C:\Users\S⁄rgioRiciopo\AppData\Local\Programs\Python\Python314\Lib\site-packages\google\cloud\bigquery\table.py:2086: 
UserWarning: BigQuery Storage module not found, fetch data with the REST endpoint instead.
  warnings.warn(
2026-07-03 07:30:56,117 [INFO]   OK dim_classe: 3 linhas (full) -> dim_classe.parquet
2026-07-03 07:30:56,118 [INFO] [FULL] dim_situacao_fatura ...
C:\Users\S⁄rgioRiciopo\AppData\Local\Programs\Python\Python314\Lib\site-packages\google\cloud\bigquery\table.py:2086: 
UserWarning: BigQuery Storage module not found, fetch data with the REST endpoint instead.
  warnings.warn(
2026-07-03 07:30:57,524 [INFO]   OK dim_situacao_fatura: 15 linhas (full) -> dim_situacao_fatura.parquet
2026-07-03 07:30:57,524 [INFO] [FULL] dim_situacao_servico ...
C:\Users\S⁄rgioRiciopo\AppData\Local\Programs\Python\Python314\Lib\site-packages\google\cloud\bigquery\table.py:2086: 
UserWarning: BigQuery Storage module not found, fetch data with the REST endpoint instead.
  warnings.warn(
2026-07-03 07:30:59,036 [INFO]   OK dim_situacao_servico: 11 linhas (full) -> dim_situacao_servico.parquet
2026-07-03 07:30:59,036 [INFO] [FULL] dim_agente_arrecadador ...
C:\Users\S⁄rgioRiciopo\AppData\Local\Programs\Python\Python314\Lib\site-packages\google\cloud\bigquery\table.py:2086: 
UserWarning: BigQuery Storage module not found, fetch data with the REST endpoint instead.
  warnings.warn(
2026-07-03 07:31:00,330 [INFO]   OK dim_agente_arrecadador: 9 linhas (full) -> dim_agente_arrecadador.parquet
2026-07-03 07:31:00,330 [INFO] [FULL] dim_forma_arrecadacao ...
C:\Users\S⁄rgioRiciopo\AppData\Local\Programs\Python\Python314\Lib\site-packages\google\cloud\bigquery\table.py:2086: 
UserWarning: BigQuery Storage module not found, fetch data with the REST endpoint instead.
  warnings.warn(
2026-07-03 07:31:03,835 [INFO]   OK dim_forma_arrecadacao: 13 linhas (full) -> dim_forma_arrecadacao.parquet
2026-07-03 07:31:03,836 [INFO] [FULL] dim_leiturista ...
C:\Users\S⁄rgioRiciopo\AppData\Local\Programs\Python\Python314\Lib\site-packages\google\cloud\bigquery\table.py:2086: 
UserWarning: BigQuery Storage module not found, fetch data with the REST endpoint instead.
  warnings.warn(
2026-07-03 07:31:06,663 [INFO]   OK dim_leiturista: 13 linhas (full) -> dim_leiturista.parquet
2026-07-03 07:31:06,663 [INFO] [FULL] dim_equipe ...
C:\Users\S⁄rgioRiciopo\AppData\Local\Programs\Python\Python314\Lib\site-packages\google\cloud\bigquery\table.py:2086: 
UserWarning: BigQuery Storage module not found, fetch data with the REST endpoint instead.
  warnings.warn(
2026-07-03 07:31:09,241 [INFO]   OK dim_equipe: 24 linhas (full) -> dim_equipe.parquet
2026-07-03 07:31:09,241 [INFO] [FULL] dim_setor_operacional ...
C:\Users\S⁄rgioRiciopo\AppData\Local\Programs\Python\Python314\Lib\site-packages\google\cloud\bigquery\table.py:2086: 
UserWarning: BigQuery Storage module not found, fetch data with the REST endpoint instead.
  warnings.warn(
2026-07-03 07:31:10,505 [INFO]   OK dim_setor_operacional: 13 linhas (full) -> dim_setor_operacional.parquet
2026-07-03 07:31:10,505 [INFO] [FULL] dim_ocorrencia ...
C:\Users\S⁄rgioRiciopo\AppData\Local\Programs\Python\Python314\Lib\site-packages\google\cloud\bigquery\table.py:2086: 
UserWarning: BigQuery Storage module not found, fetch data with the REST endpoint instead.
  warnings.warn(
2026-07-03 07:31:11,768 [INFO]   OK dim_ocorrencia: 29 linhas (full) -> dim_ocorrencia.parquet
2026-07-03 07:31:11,768 [INFO] [FULL] dim_servico_definicao ...
C:\Users\S⁄rgioRiciopo\AppData\Local\Programs\Python\Python314\Lib\site-packages\google\cloud\bigquery\table.py:2086: 
UserWarning: BigQuery Storage module not found, fetch data with the REST endpoint instead.
  warnings.warn(
2026-07-03 07:31:13,065 [INFO]   OK dim_servico_definicao: 409 linhas (full) -> dim_servico_definicao.parquet
2026-07-03 07:31:13,066 [INFO] 
2026-07-03 07:31:13,066 [INFO] ETL conclu›do: 2026-07-03 07:31:13
2026-07-03 07:31:13,066 [INFO]   Tabelas full      : 14
2026-07-03 07:31:13,066 [INFO]   Tabelas incrementais: 11
2026-07-03 07:31:13,066 [INFO]   Linhas novas/atualizadas: 59,159
2026-07-03 07:31:13,067 [INFO]   Todas as tabelas conclu›das com sucesso.

[03/07/2026 07:31:13] ETL BigQuery concluido com SUCESSO
[03/07/2026 07:31:13] Iniciando ETL Frota...
Iniciando ETL de Consumo de Frota Combust›vel...

[OK] Arquivo encontrado: RelatorioParametrizado 01-04-26 A 30-04-26.xls
Processando: RelatorioParametrizado 01-04-26 A 30-04-26.xls
  [OK] 41 registros processados

============================================================
RESUMO DA EXTRACAO
============================================================
Total de registros: 41
Data minima: 01/04/2026
Data maxima: 30/04/2026

Motorisas unicos: 9
Veiculos unicos: 14
Modelos unicos: 8

Totalizacoes:
  Combustivel consumido: 2204.10 L
  Valor gasto: R$ 14951.30
  Km rodados: 15035
  Eficiencia media: 6.82 km/L

Top 5 motoristas (por valor):
  JOAO REIS DA SILVA CARNEIRO: R$ 7686.10
  PAULO VICTOR DE OLIVEIRA CARNEIRO: R$ 2083.91
  ODELIO FERNANDES JUNIOR: R$ 1575.37
  SERGIO HENRIQUE DE OLIVEIRA RICIOPO: R$ 1559.05
  CARLOS ANDRE DE CASTRO SILVA: R$ 906.08

[OK] Exportado: frota_combustivel.parquet
[OK] Exportado: dim_veiculo_frota.parquet

ETL concluido com sucesso em 03/07/2026 07:31:14

[03/07/2026 07:31:14] ETL Frota concluido com SUCESSO
[03/07/2026 07:31:14] Publicando no GitHub (Streamlit Cloud)...
