[26/06/2026 07:30:03] ======================================================
[26/06/2026 07:30:03] INICIO ETL DIARIO - Aguas de Ipameri
[26/06/2026 07:30:03] ======================================================
[26/06/2026 07:30:03] Iniciando ETL BigQuery...
2026-06-26 07:30:05,394 [INFO] ============================================================
2026-06-26 07:30:05,395 [INFO] ETL iniciado: 2026-06-26 07:30:05
2026-06-26 07:30:05,395 [INFO] Modo: INCREMENTAL (full para dims/snapshots)
2026-06-26 07:30:05,874 [INFO] [INC]  faturamento (a partir de 2026-03-01) ...
python : 
C:\Users\S⁄rgioRiciopo\AppData\Local\Programs\Python\Python314\Lib\site-packages\google\cloud\bigquery\table.py:2086: 
UserWarning: BigQuery Storage module not found, fetch data with the REST endpoint instead.
No C:\BI_Ipameri\scripts\run_etl_diario.ps1:28 caractere:15
+     $output = python "scripts\etl_bigquery.py" 2>&1
+               ~~~~~~~~~~~~~~~~~~~~~~~~~~~~~~~~~~~~~
    + CategoryInfo          : NotSpecified: (C:\Users\S⁄rgio...dpoint instead.:String) [], RemoteException
    + FullyQualifiedErrorId : NativeCommandError
 
  warnings.warn(
2026-06-26 07:30:15,275 [INFO]   OK faturamento: +16,218 novas | 247,387 total -> faturamento.parquet
2026-06-26 07:30:15,289 [INFO] [INC]  arrecadacao (a partir de 2026-04-01) ...
C:\Users\S⁄rgioRiciopo\AppData\Local\Programs\Python\Python314\Lib\site-packages\google\cloud\bigquery\table.py:2086: 
UserWarning: BigQuery Storage module not found, fetch data with the REST endpoint instead.
  warnings.warn(
2026-06-26 07:30:16,980 [INFO]   OK arrecadacao: +821 novas | 10,942 total -> arrecadacao.parquet
2026-06-26 07:30:17,032 [INFO] [INC]  painel_arrecadacao (a partir de 2024-06-11) ...
C:\Users\S⁄rgioRiciopo\AppData\Local\Programs\Python\Python314\Lib\site-packages\google\cloud\bigquery\table.py:2086: 
UserWarning: BigQuery Storage module not found, fetch data with the REST endpoint instead.
  warnings.warn(
2026-06-26 07:30:19,735 [INFO]   OK painel_arrecadacao: +1,537 novas | 549,010 total -> painel_arrecadacao.parquet
2026-06-26 07:30:19,758 [INFO] [INC]  arrecadacao_diaria (a partir de 2026-06-12) ...
C:\Users\S⁄rgioRiciopo\AppData\Local\Programs\Python\Python314\Lib\site-packages\google\cloud\bigquery\table.py:2086: 
UserWarning: BigQuery Storage module not found, fetch data with the REST endpoint instead.
  warnings.warn(
2026-06-26 07:30:21,956 [INFO]   OK arrecadacao_diaria: +1,997 novas | 161,353 total -> arrecadacao_diaria.parquet
2026-06-26 07:30:21,972 [INFO] [INC]  arrecadacao_rubricas (a partir de 2026-04-01) ...
C:\Users\S⁄rgioRiciopo\AppData\Local\Programs\Python\Python314\Lib\site-packages\google\cloud\bigquery\table.py:2086: 
UserWarning: BigQuery Storage module not found, fetch data with the REST endpoint instead.
  warnings.warn(
2026-06-26 07:30:23,576 [INFO]   OK arrecadacao_rubricas: +821 novas | 10,942 total -> arrecadacao_rubricas.parquet
2026-06-26 07:30:23,576 [INFO] [FULL] pendencia_atual ...
C:\Users\S⁄rgioRiciopo\AppData\Local\Programs\Python\Python314\Lib\site-packages\google\cloud\bigquery\table.py:2086: 
UserWarning: BigQuery Storage module not found, fetch data with the REST endpoint instead.
  warnings.warn(
2026-06-26 07:30:29,381 [INFO]   OK pendencia_atual: 19,632 linhas (full) -> pendencia_atual.parquet
2026-06-26 07:30:29,412 [INFO] [INC]  cortes (a partir de 2026-05-25) ...
C:\Users\S⁄rgioRiciopo\AppData\Local\Programs\Python\Python314\Lib\site-packages\google\cloud\bigquery\table.py:2086: 
UserWarning: BigQuery Storage module not found, fetch data with the REST endpoint instead.
  warnings.warn(
2026-06-26 07:30:31,047 [INFO]   OK cortes: +860 novas | 33,071 total -> cortes.parquet
2026-06-26 07:30:31,071 [INFO] [INC]  religacoes (a partir de 2026-05-25) ...
C:\Users\S⁄rgioRiciopo\AppData\Local\Programs\Python\Python314\Lib\site-packages\google\cloud\bigquery\table.py:2086: 
UserWarning: BigQuery Storage module not found, fetch data with the REST endpoint instead.
  warnings.warn(
2026-06-26 07:30:33,744 [INFO]   OK religacoes: +379 novas | 28,360 total -> religacoes.parquet
2026-06-26 07:30:33,778 [INFO] [INC]  servicos (a partir de 2026-06-10) ...
C:\Users\S⁄rgioRiciopo\AppData\Local\Programs\Python\Python314\Lib\site-packages\google\cloud\bigquery\table.py:2086: 
UserWarning: BigQuery Storage module not found, fetch data with the REST endpoint instead.
  warnings.warn(
2026-06-26 07:30:36,088 [INFO]   OK servicos: +1,425 novas | 240,648 total -> servicos.parquet
2026-06-26 07:30:36,133 [INFO] [INC]  leituras (a partir de 2026-04-01) ...
C:\Users\S⁄rgioRiciopo\AppData\Local\Programs\Python\Python314\Lib\site-packages\google\cloud\bigquery\table.py:2086: 
UserWarning: BigQuery Storage module not found, fetch data with the REST endpoint instead.
  warnings.warn(
2026-06-26 07:30:44,511 [INFO]   OK leituras: +33,383 novas | 464,718 total -> leituras.parquet
2026-06-26 07:30:44,536 [INFO] [INC]  backlog_servicos (a partir de 2026-06-11) ...
C:\Users\S⁄rgioRiciopo\AppData\Local\Programs\Python\Python314\Lib\site-packages\google\cloud\bigquery\table.py:2086: 
UserWarning: BigQuery Storage module not found, fetch data with the REST endpoint instead.
  warnings.warn(
2026-06-26 07:30:46,238 [INFO]   OK backlog_servicos: +741 novas | 53,808 total -> backlog_servicos.parquet
2026-06-26 07:30:46,250 [INFO] [INC]  alteracao_fatura_contabil (a partir de 2026-04-01) ...
C:\Users\S⁄rgioRiciopo\AppData\Local\Programs\Python\Python314\Lib\site-packages\google\cloud\bigquery\table.py:2086: 
UserWarning: BigQuery Storage module not found, fetch data with the REST endpoint instead.
  warnings.warn(
2026-06-26 07:30:47,737 [INFO]   OK alteracao_fatura_contabil: +57 novas | 915 total -> alteracao_fatura_contabil.parquet
2026-06-26 07:30:47,737 [INFO] [FULL] dim_bairro ...
C:\Users\S⁄rgioRiciopo\AppData\Local\Programs\Python\Python314\Lib\site-packages\google\cloud\bigquery\table.py:2086: 
UserWarning: BigQuery Storage module not found, fetch data with the REST endpoint instead.
  warnings.warn(
2026-06-26 07:30:49,069 [INFO]   OK dim_bairro: 48 linhas (full) -> dim_bairro.parquet
2026-06-26 07:30:49,070 [INFO] [FULL] dim_grupo ...
C:\Users\S⁄rgioRiciopo\AppData\Local\Programs\Python\Python314\Lib\site-packages\google\cloud\bigquery\table.py:2086: 
UserWarning: BigQuery Storage module not found, fetch data with the REST endpoint instead.
  warnings.warn(
2026-06-26 07:30:50,455 [INFO]   OK dim_grupo: 20 linhas (full) -> dim_grupo.parquet
2026-06-26 07:30:50,455 [INFO] [FULL] dim_categoria ...
C:\Users\S⁄rgioRiciopo\AppData\Local\Programs\Python\Python314\Lib\site-packages\google\cloud\bigquery\table.py:2086: 
UserWarning: BigQuery Storage module not found, fetch data with the REST endpoint instead.
  warnings.warn(
2026-06-26 07:30:52,321 [INFO]   OK dim_categoria: 5 linhas (full) -> dim_categoria.parquet
2026-06-26 07:30:52,321 [INFO] [FULL] dim_classe ...
C:\Users\S⁄rgioRiciopo\AppData\Local\Programs\Python\Python314\Lib\site-packages\google\cloud\bigquery\table.py:2086: 
UserWarning: BigQuery Storage module not found, fetch data with the REST endpoint instead.
  warnings.warn(
2026-06-26 07:30:53,866 [INFO]   OK dim_classe: 3 linhas (full) -> dim_classe.parquet
2026-06-26 07:30:53,866 [INFO] [FULL] dim_situacao_fatura ...
C:\Users\S⁄rgioRiciopo\AppData\Local\Programs\Python\Python314\Lib\site-packages\google\cloud\bigquery\table.py:2086: 
UserWarning: BigQuery Storage module not found, fetch data with the REST endpoint instead.
  warnings.warn(
2026-06-26 07:30:55,315 [INFO]   OK dim_situacao_fatura: 15 linhas (full) -> dim_situacao_fatura.parquet
2026-06-26 07:30:55,315 [INFO] [FULL] dim_situacao_servico ...
C:\Users\S⁄rgioRiciopo\AppData\Local\Programs\Python\Python314\Lib\site-packages\google\cloud\bigquery\table.py:2086: 
UserWarning: BigQuery Storage module not found, fetch data with the REST endpoint instead.
  warnings.warn(
2026-06-26 07:30:56,700 [INFO]   OK dim_situacao_servico: 11 linhas (full) -> dim_situacao_servico.parquet
2026-06-26 07:30:56,700 [INFO] [FULL] dim_agente_arrecadador ...
C:\Users\S⁄rgioRiciopo\AppData\Local\Programs\Python\Python314\Lib\site-packages\google\cloud\bigquery\table.py:2086: 
UserWarning: BigQuery Storage module not found, fetch data with the REST endpoint instead.
  warnings.warn(
2026-06-26 07:30:58,064 [INFO]   OK dim_agente_arrecadador: 9 linhas (full) -> dim_agente_arrecadador.parquet
2026-06-26 07:30:58,064 [INFO] [FULL] dim_forma_arrecadacao ...
C:\Users\S⁄rgioRiciopo\AppData\Local\Programs\Python\Python314\Lib\site-packages\google\cloud\bigquery\table.py:2086: 
UserWarning: BigQuery Storage module not found, fetch data with the REST endpoint instead.
  warnings.warn(
2026-06-26 07:30:59,499 [INFO]   OK dim_forma_arrecadacao: 13 linhas (full) -> dim_forma_arrecadacao.parquet
2026-06-26 07:30:59,500 [INFO] [FULL] dim_leiturista ...
C:\Users\S⁄rgioRiciopo\AppData\Local\Programs\Python\Python314\Lib\site-packages\google\cloud\bigquery\table.py:2086: 
UserWarning: BigQuery Storage module not found, fetch data with the REST endpoint instead.
  warnings.warn(
2026-06-26 07:31:00,916 [INFO]   OK dim_leiturista: 13 linhas (full) -> dim_leiturista.parquet
2026-06-26 07:31:00,916 [INFO] [FULL] dim_equipe ...
C:\Users\S⁄rgioRiciopo\AppData\Local\Programs\Python\Python314\Lib\site-packages\google\cloud\bigquery\table.py:2086: 
UserWarning: BigQuery Storage module not found, fetch data with the REST endpoint instead.
  warnings.warn(
2026-06-26 07:31:02,125 [INFO]   OK dim_equipe: 24 linhas (full) -> dim_equipe.parquet
2026-06-26 07:31:02,126 [INFO] [FULL] dim_setor_operacional ...
C:\Users\S⁄rgioRiciopo\AppData\Local\Programs\Python\Python314\Lib\site-packages\google\cloud\bigquery\table.py:2086: 
UserWarning: BigQuery Storage module not found, fetch data with the REST endpoint instead.
  warnings.warn(
2026-06-26 07:31:03,774 [INFO]   OK dim_setor_operacional: 13 linhas (full) -> dim_setor_operacional.parquet
2026-06-26 07:31:03,774 [INFO] [FULL] dim_ocorrencia ...
C:\Users\S⁄rgioRiciopo\AppData\Local\Programs\Python\Python314\Lib\site-packages\google\cloud\bigquery\table.py:2086: 
UserWarning: BigQuery Storage module not found, fetch data with the REST endpoint instead.
  warnings.warn(
2026-06-26 07:31:05,844 [INFO]   OK dim_ocorrencia: 29 linhas (full) -> dim_ocorrencia.parquet
2026-06-26 07:31:05,844 [INFO] [FULL] dim_servico_definicao ...
C:\Users\S⁄rgioRiciopo\AppData\Local\Programs\Python\Python314\Lib\site-packages\google\cloud\bigquery\table.py:2086: 
UserWarning: BigQuery Storage module not found, fetch data with the REST endpoint instead.
  warnings.warn(
2026-06-26 07:31:07,773 [INFO]   OK dim_servico_definicao: 409 linhas (full) -> dim_servico_definicao.parquet
2026-06-26 07:31:07,774 [INFO] 
2026-06-26 07:31:07,774 [INFO] ETL conclu›do: 2026-06-26 07:31:07
2026-06-26 07:31:07,774 [INFO]   Tabelas full      : 14
2026-06-26 07:31:07,774 [INFO]   Tabelas incrementais: 11
2026-06-26 07:31:07,775 [INFO]   Linhas novas/atualizadas: 58,239
2026-06-26 07:31:07,775 [INFO]   Todas as tabelas conclu›das com sucesso.

[26/06/2026 07:31:08] ETL BigQuery concluido com SUCESSO
[26/06/2026 07:31:08] Iniciando ETL Frota...
Iniciando ETL de Consumo de Frota Combust›vel...

[OK] Arquivo encontrado: RelatorioParametrizado 01-04-26 A 30-04-26.xls
Processando: RelatorioParametrizado 01-04-26 A 30-04-26.xls
  [OK] 41 registros processados

============================================================
RESUMO DA EXTRACAO
============================================================
Total de registros: 41
Data minima: 01/04/2026
Data maxima: 30/04/2026

Motorisas unicos: 9
Veiculos unicos: 14
Modelos unicos: 8

Totalizacoes:
  Combustivel consumido: 2204.10 L
  Valor gasto: R$ 14951.30
  Km rodados: 15035
  Eficiencia media: 6.82 km/L

Top 5 motoristas (por valor):
  JOAO REIS DA SILVA CARNEIRO: R$ 7686.10
  PAULO VICTOR DE OLIVEIRA CARNEIRO: R$ 2083.91
  ODELIO FERNANDES JUNIOR: R$ 1575.37
  SERGIO HENRIQUE DE OLIVEIRA RICIOPO: R$ 1559.05
  CARLOS ANDRE DE CASTRO SILVA: R$ 906.08

[OK] Exportado: frota_combustivel.parquet
[OK] Exportado: dim_veiculo_frota.parquet

ETL concluido com sucesso em 26/06/2026 07:31:08

[26/06/2026 07:31:08] ETL Frota concluido com SUCESSO
[26/06/2026 07:31:08] Publicando no GitHub (Streamlit Cloud)...
