[29/05/2026 07:30:04] ======================================================
[29/05/2026 07:30:04] INICIO ETL DIARIO - Aguas de Ipameri
[29/05/2026 07:30:04] ======================================================
[29/05/2026 07:30:04] Iniciando ETL BigQuery...
2026-05-29 07:30:08,637 [INFO] ============================================================
2026-05-29 07:30:08,639 [INFO] ETL iniciado: 2026-05-29 07:30:08
2026-05-29 07:30:08,639 [INFO] Modo: INCREMENTAL (full para dims/snapshots)
2026-05-29 07:30:09,142 [INFO] [INC]  faturamento (a partir de 2026-02-01) ...
python : 
C:\Users\S⁄rgioRiciopo\AppData\Local\Programs\Python\Python314\Lib\site-packages\google\cloud\bigquery\table.py:2086: 
UserWarning: BigQuery Storage module not found, fetch data with the REST endpoint instead.
No C:\BI_Ipameri\scripts\run_etl_diario.ps1:28 caractere:15
+     $output = python "scripts\etl_bigquery.py" 2>&1
+               ~~~~~~~~~~~~~~~~~~~~~~~~~~~~~~~~~~~~~
    + CategoryInfo          : NotSpecified: (C:\Users\S⁄rgio...dpoint instead.:String) [], RemoteException
    + FullyQualifiedErrorId : NativeCommandError
 
  warnings.warn(
2026-05-29 07:30:18,095 [INFO]   OK faturamento: +16,014 novas | 241,945 total -> faturamento.parquet
2026-05-29 07:30:18,127 [INFO] [INC]  arrecadacao (a partir de 2026-03-01) ...
C:\Users\S⁄rgioRiciopo\AppData\Local\Programs\Python\Python314\Lib\site-packages\google\cloud\bigquery\table.py:2086: 
UserWarning: BigQuery Storage module not found, fetch data with the REST endpoint instead.
  warnings.warn(
2026-05-29 07:30:19,808 [INFO]   OK arrecadacao: +831 novas | 10,664 total -> arrecadacao.parquet
2026-05-29 07:30:19,845 [INFO] [INC]  painel_arrecadacao (a partir de 2024-06-11) ...
C:\Users\S⁄rgioRiciopo\AppData\Local\Programs\Python\Python314\Lib\site-packages\google\cloud\bigquery\table.py:2086: 
UserWarning: BigQuery Storage module not found, fetch data with the REST endpoint instead.
  warnings.warn(
2026-05-29 07:30:22,146 [INFO]   OK painel_arrecadacao: +1,537 novas | 549,010 total -> painel_arrecadacao.parquet
2026-05-29 07:30:22,193 [INFO] [INC]  arrecadacao_diaria (a partir de 2026-05-15) ...
C:\Users\S⁄rgioRiciopo\AppData\Local\Programs\Python\Python314\Lib\site-packages\google\cloud\bigquery\table.py:2086: 
UserWarning: BigQuery Storage module not found, fetch data with the REST endpoint instead.
  warnings.warn(
2026-05-29 07:30:24,596 [INFO]   OK arrecadacao_diaria: +2,003 novas | 157,628 total -> arrecadacao_diaria.parquet
2026-05-29 07:30:24,612 [INFO] [INC]  arrecadacao_rubricas (a partir de 2026-03-01) ...
C:\Users\S⁄rgioRiciopo\AppData\Local\Programs\Python\Python314\Lib\site-packages\google\cloud\bigquery\table.py:2086: 
UserWarning: BigQuery Storage module not found, fetch data with the REST endpoint instead.
  warnings.warn(
2026-05-29 07:30:26,299 [INFO]   OK arrecadacao_rubricas: +831 novas | 10,664 total -> arrecadacao_rubricas.parquet
2026-05-29 07:30:26,300 [INFO] [FULL] pendencia_atual ...
C:\Users\S⁄rgioRiciopo\AppData\Local\Programs\Python\Python314\Lib\site-packages\google\cloud\bigquery\table.py:2086: 
UserWarning: BigQuery Storage module not found, fetch data with the REST endpoint instead.
  warnings.warn(
2026-05-29 07:30:31,697 [INFO]   OK pendencia_atual: 18,669 linhas (full) -> pendencia_atual.parquet
2026-05-29 07:30:31,716 [INFO] [INC]  cortes (a partir de 2026-04-27) ...
C:\Users\S⁄rgioRiciopo\AppData\Local\Programs\Python\Python314\Lib\site-packages\google\cloud\bigquery\table.py:2086: 
UserWarning: BigQuery Storage module not found, fetch data with the REST endpoint instead.
  warnings.warn(
2026-05-29 07:30:33,476 [INFO]   OK cortes: +703 novas | 31,872 total -> cortes.parquet
2026-05-29 07:30:33,499 [INFO] [INC]  religacoes (a partir de 2026-04-27) ...
C:\Users\S⁄rgioRiciopo\AppData\Local\Programs\Python\Python314\Lib\site-packages\google\cloud\bigquery\table.py:2086: 
UserWarning: BigQuery Storage module not found, fetch data with the REST endpoint instead.
  warnings.warn(
2026-05-29 07:30:35,226 [INFO]   OK religacoes: +334 novas | 28,042 total -> religacoes.parquet
2026-05-29 07:30:35,289 [INFO] [INC]  servicos (a partir de 2026-05-13) ...
C:\Users\S⁄rgioRiciopo\AppData\Local\Programs\Python\Python314\Lib\site-packages\google\cloud\bigquery\table.py:2086: 
UserWarning: BigQuery Storage module not found, fetch data with the REST endpoint instead.
  warnings.warn(
2026-05-29 07:30:37,434 [INFO]   OK servicos: +1,189 novas | 237,128 total -> servicos.parquet
2026-05-29 07:30:37,469 [INFO] [INC]  leituras (a partir de 2026-03-01) ...
C:\Users\S⁄rgioRiciopo\AppData\Local\Programs\Python\Python314\Lib\site-packages\google\cloud\bigquery\table.py:2086: 
UserWarning: BigQuery Storage module not found, fetch data with the REST endpoint instead.
  warnings.warn(
2026-05-29 07:30:45,647 [INFO]   OK leituras: +33,630 novas | 453,680 total -> leituras.parquet
2026-05-29 07:30:45,664 [INFO] [INC]  backlog_servicos (a partir de 2026-05-14) ...
C:\Users\S⁄rgioRiciopo\AppData\Local\Programs\Python\Python314\Lib\site-packages\google\cloud\bigquery\table.py:2086: 
UserWarning: BigQuery Storage module not found, fetch data with the REST endpoint instead.
  warnings.warn(
2026-05-29 07:30:46,962 [INFO]   OK backlog_servicos: +792 novas | 52,597 total -> backlog_servicos.parquet
2026-05-29 07:30:46,970 [INFO] [INC]  alteracao_fatura_contabil (a partir de 2026-03-01) ...
C:\Users\S⁄rgioRiciopo\AppData\Local\Programs\Python\Python314\Lib\site-packages\google\cloud\bigquery\table.py:2086: 
UserWarning: BigQuery Storage module not found, fetch data with the REST endpoint instead.
  warnings.warn(
2026-05-29 07:30:48,374 [INFO]   OK alteracao_fatura_contabil: +70 novas | 903 total -> alteracao_fatura_contabil.parquet
2026-05-29 07:30:48,375 [INFO] [FULL] dim_bairro ...
C:\Users\S⁄rgioRiciopo\AppData\Local\Programs\Python\Python314\Lib\site-packages\google\cloud\bigquery\table.py:2086: 
UserWarning: BigQuery Storage module not found, fetch data with the REST endpoint instead.
  warnings.warn(
2026-05-29 07:30:49,557 [INFO]   OK dim_bairro: 47 linhas (full) -> dim_bairro.parquet
2026-05-29 07:30:49,557 [INFO] [FULL] dim_grupo ...
C:\Users\S⁄rgioRiciopo\AppData\Local\Programs\Python\Python314\Lib\site-packages\google\cloud\bigquery\table.py:2086: 
UserWarning: BigQuery Storage module not found, fetch data with the REST endpoint instead.
  warnings.warn(
2026-05-29 07:30:50,678 [INFO]   OK dim_grupo: 20 linhas (full) -> dim_grupo.parquet
2026-05-29 07:30:50,678 [INFO] [FULL] dim_categoria ...
C:\Users\S⁄rgioRiciopo\AppData\Local\Programs\Python\Python314\Lib\site-packages\google\cloud\bigquery\table.py:2086: 
UserWarning: BigQuery Storage module not found, fetch data with the REST endpoint instead.
  warnings.warn(
2026-05-29 07:30:52,309 [INFO]   OK dim_categoria: 5 linhas (full) -> dim_categoria.parquet
2026-05-29 07:30:52,309 [INFO] [FULL] dim_classe ...
C:\Users\S⁄rgioRiciopo\AppData\Local\Programs\Python\Python314\Lib\site-packages\google\cloud\bigquery\table.py:2086: 
UserWarning: BigQuery Storage module not found, fetch data with the REST endpoint instead.
  warnings.warn(
2026-05-29 07:30:53,494 [INFO]   OK dim_classe: 3 linhas (full) -> dim_classe.parquet
2026-05-29 07:30:53,494 [INFO] [FULL] dim_situacao_fatura ...
C:\Users\S⁄rgioRiciopo\AppData\Local\Programs\Python\Python314\Lib\site-packages\google\cloud\bigquery\table.py:2086: 
UserWarning: BigQuery Storage module not found, fetch data with the REST endpoint instead.
  warnings.warn(
2026-05-29 07:30:55,241 [INFO]   OK dim_situacao_fatura: 15 linhas (full) -> dim_situacao_fatura.parquet
2026-05-29 07:30:55,241 [INFO] [FULL] dim_situacao_servico ...
C:\Users\S⁄rgioRiciopo\AppData\Local\Programs\Python\Python314\Lib\site-packages\google\cloud\bigquery\table.py:2086: 
UserWarning: BigQuery Storage module not found, fetch data with the REST endpoint instead.
  warnings.warn(
2026-05-29 07:30:56,521 [INFO]   OK dim_situacao_servico: 11 linhas (full) -> dim_situacao_servico.parquet
2026-05-29 07:30:56,522 [INFO] [FULL] dim_agente_arrecadador ...
C:\Users\S⁄rgioRiciopo\AppData\Local\Programs\Python\Python314\Lib\site-packages\google\cloud\bigquery\table.py:2086: 
UserWarning: BigQuery Storage module not found, fetch data with the REST endpoint instead.
  warnings.warn(
2026-05-29 07:30:57,865 [INFO]   OK dim_agente_arrecadador: 9 linhas (full) -> dim_agente_arrecadador.parquet
2026-05-29 07:30:57,865 [INFO] [FULL] dim_forma_arrecadacao ...
C:\Users\S⁄rgioRiciopo\AppData\Local\Programs\Python\Python314\Lib\site-packages\google\cloud\bigquery\table.py:2086: 
UserWarning: BigQuery Storage module not found, fetch data with the REST endpoint instead.
  warnings.warn(
2026-05-29 07:30:59,096 [INFO]   OK dim_forma_arrecadacao: 13 linhas (full) -> dim_forma_arrecadacao.parquet
2026-05-29 07:30:59,096 [INFO] [FULL] dim_leiturista ...
C:\Users\S⁄rgioRiciopo\AppData\Local\Programs\Python\Python314\Lib\site-packages\google\cloud\bigquery\table.py:2086: 
UserWarning: BigQuery Storage module not found, fetch data with the REST endpoint instead.
  warnings.warn(
2026-05-29 07:31:00,323 [INFO]   OK dim_leiturista: 13 linhas (full) -> dim_leiturista.parquet
2026-05-29 07:31:00,324 [INFO] [FULL] dim_equipe ...
C:\Users\S⁄rgioRiciopo\AppData\Local\Programs\Python\Python314\Lib\site-packages\google\cloud\bigquery\table.py:2086: 
UserWarning: BigQuery Storage module not found, fetch data with the REST endpoint instead.
  warnings.warn(
2026-05-29 07:31:01,563 [INFO]   OK dim_equipe: 22 linhas (full) -> dim_equipe.parquet
2026-05-29 07:31:01,564 [INFO] [FULL] dim_setor_operacional ...
C:\Users\S⁄rgioRiciopo\AppData\Local\Programs\Python\Python314\Lib\site-packages\google\cloud\bigquery\table.py:2086: 
UserWarning: BigQuery Storage module not found, fetch data with the REST endpoint instead.
  warnings.warn(
2026-05-29 07:31:05,800 [INFO]   OK dim_setor_operacional: 13 linhas (full) -> dim_setor_operacional.parquet
2026-05-29 07:31:05,800 [INFO] [FULL] dim_ocorrencia ...
C:\Users\S⁄rgioRiciopo\AppData\Local\Programs\Python\Python314\Lib\site-packages\google\cloud\bigquery\table.py:2086: 
UserWarning: BigQuery Storage module not found, fetch data with the REST endpoint instead.
  warnings.warn(
2026-05-29 07:31:06,909 [INFO]   OK dim_ocorrencia: 29 linhas (full) -> dim_ocorrencia.parquet
2026-05-29 07:31:06,909 [INFO] [FULL] dim_servico_definicao ...
C:\Users\S⁄rgioRiciopo\AppData\Local\Programs\Python\Python314\Lib\site-packages\google\cloud\bigquery\table.py:2086: 
UserWarning: BigQuery Storage module not found, fetch data with the REST endpoint instead.
  warnings.warn(
2026-05-29 07:31:08,203 [INFO]   OK dim_servico_definicao: 409 linhas (full) -> dim_servico_definicao.parquet
2026-05-29 07:31:08,203 [INFO] 
2026-05-29 07:31:08,204 [INFO] ETL conclu›do: 2026-05-29 07:31:08
2026-05-29 07:31:08,204 [INFO]   Tabelas full      : 14
2026-05-29 07:31:08,204 [INFO]   Tabelas incrementais: 11
2026-05-29 07:31:08,204 [INFO]   Linhas novas/atualizadas: 57,934
2026-05-29 07:31:08,204 [INFO]   Todas as tabelas conclu›das com sucesso.

[29/05/2026 07:31:08] ETL BigQuery concluido com SUCESSO
[29/05/2026 07:31:08] Iniciando ETL Frota...
Iniciando ETL de Consumo de Frota Combust›vel...

[OK] Arquivo encontrado: RelatorioParametrizado 01-04-26 A 30-04-26.xls
Processando: RelatorioParametrizado 01-04-26 A 30-04-26.xls
  [OK] 41 registros processados

============================================================
RESUMO DA EXTRACAO
============================================================
Total de registros: 41
Data minima: 01/04/2026
Data maxima: 30/04/2026

Motorisas unicos: 9
Veiculos unicos: 14
Modelos unicos: 8

Totalizacoes:
  Combustivel consumido: 2204.10 L
  Valor gasto: R$ 14951.30
  Km rodados: 15035
  Eficiencia media: 6.82 km/L

Top 5 motoristas (por valor):
  JOAO REIS DA SILVA CARNEIRO: R$ 7686.10
  PAULO VICTOR DE OLIVEIRA CARNEIRO: R$ 2083.91
  ODELIO FERNANDES JUNIOR: R$ 1575.37
  SERGIO HENRIQUE DE OLIVEIRA RICIOPO: R$ 1559.05
  CARLOS ANDRE DE CASTRO SILVA: R$ 906.08

[OK] Exportado: frota_combustivel.parquet
[OK] Exportado: dim_veiculo_frota.parquet

ETL concluido com sucesso em 29/05/2026 07:31:09

[29/05/2026 07:31:09] ETL Frota concluido com SUCESSO
[29/05/2026 07:31:09] Publicando no GitHub (Streamlit Cloud)...
