[28/05/2026 07:30:03] ======================================================
[28/05/2026 07:30:03] INICIO ETL DIARIO - Aguas de Ipameri
[28/05/2026 07:30:03] ======================================================
[28/05/2026 07:30:03] Iniciando ETL BigQuery...
2026-05-28 07:30:06,578 [INFO] ============================================================
2026-05-28 07:30:06,579 [INFO] ETL iniciado: 2026-05-28 07:30:06
2026-05-28 07:30:06,579 [INFO] Modo: INCREMENTAL (full para dims/snapshots)
2026-05-28 07:30:06,797 [INFO] [INC]  faturamento (a partir de 2026-02-01) ...
python : 
C:\Users\S⁄rgioRiciopo\AppData\Local\Programs\Python\Python314\Lib\site-packages\google\cloud\bigquery\table.py:2086: 
UserWarning: BigQuery Storage module not found, fetch data with the REST endpoint instead.
No C:\BI_Ipameri\scripts\run_etl_diario.ps1:28 caractere:15
+     $output = python "scripts\etl_bigquery.py" 2>&1
+               ~~~~~~~~~~~~~~~~~~~~~~~~~~~~~~~~~~~~~
    + CategoryInfo          : NotSpecified: (C:\Users\S⁄rgio...dpoint instead.:String) [], RemoteException
    + FullyQualifiedErrorId : NativeCommandError
 
  warnings.warn(
2026-05-28 07:30:13,755 [INFO]   OK faturamento: +16,014 novas | 241,945 total -> faturamento.parquet
2026-05-28 07:30:13,766 [INFO] [INC]  arrecadacao (a partir de 2026-03-01) ...
C:\Users\S⁄rgioRiciopo\AppData\Local\Programs\Python\Python314\Lib\site-packages\google\cloud\bigquery\table.py:2086: 
UserWarning: BigQuery Storage module not found, fetch data with the REST endpoint instead.
  warnings.warn(
2026-05-28 07:30:15,558 [INFO]   OK arrecadacao: +828 novas | 10,661 total -> arrecadacao.parquet
2026-05-28 07:30:15,579 [INFO] [INC]  painel_arrecadacao (a partir de 2024-06-11) ...
C:\Users\S⁄rgioRiciopo\AppData\Local\Programs\Python\Python314\Lib\site-packages\google\cloud\bigquery\table.py:2086: 
UserWarning: BigQuery Storage module not found, fetch data with the REST endpoint instead.
  warnings.warn(
2026-05-28 07:30:17,798 [INFO]   OK painel_arrecadacao: +1,537 novas | 549,010 total -> painel_arrecadacao.parquet
2026-05-28 07:30:17,812 [INFO] [INC]  arrecadacao_diaria (a partir de 2026-05-14) ...
C:\Users\S⁄rgioRiciopo\AppData\Local\Programs\Python\Python314\Lib\site-packages\google\cloud\bigquery\table.py:2086: 
UserWarning: BigQuery Storage module not found, fetch data with the REST endpoint instead.
  warnings.warn(
2026-05-28 07:30:19,655 [INFO]   OK arrecadacao_diaria: +2,029 novas | 157,471 total -> arrecadacao_diaria.parquet
2026-05-28 07:30:19,666 [INFO] [INC]  arrecadacao_rubricas (a partir de 2026-03-01) ...
C:\Users\S⁄rgioRiciopo\AppData\Local\Programs\Python\Python314\Lib\site-packages\google\cloud\bigquery\table.py:2086: 
UserWarning: BigQuery Storage module not found, fetch data with the REST endpoint instead.
  warnings.warn(
2026-05-28 07:30:21,359 [INFO]   OK arrecadacao_rubricas: +828 novas | 10,661 total -> arrecadacao_rubricas.parquet
2026-05-28 07:30:21,359 [INFO] [FULL] pendencia_atual ...
C:\Users\S⁄rgioRiciopo\AppData\Local\Programs\Python\Python314\Lib\site-packages\google\cloud\bigquery\table.py:2086: 
UserWarning: BigQuery Storage module not found, fetch data with the REST endpoint instead.
  warnings.warn(
2026-05-28 07:30:25,942 [INFO]   OK pendencia_atual: 18,992 linhas (full) -> pendencia_atual.parquet
2026-05-28 07:30:25,954 [INFO] [INC]  cortes (a partir de 2026-04-26) ...
C:\Users\S⁄rgioRiciopo\AppData\Local\Programs\Python\Python314\Lib\site-packages\google\cloud\bigquery\table.py:2086: 
UserWarning: BigQuery Storage module not found, fetch data with the REST endpoint instead.
  warnings.warn(
2026-05-28 07:30:27,649 [INFO]   OK cortes: +687 novas | 31,837 total -> cortes.parquet
2026-05-28 07:30:27,659 [INFO] [INC]  religacoes (a partir de 2026-04-26) ...
C:\Users\S⁄rgioRiciopo\AppData\Local\Programs\Python\Python314\Lib\site-packages\google\cloud\bigquery\table.py:2086: 
UserWarning: BigQuery Storage module not found, fetch data with the REST endpoint instead.
  warnings.warn(
2026-05-28 07:30:29,129 [INFO]   OK religacoes: +315 novas | 28,022 total -> religacoes.parquet
2026-05-28 07:30:29,152 [INFO] [INC]  servicos (a partir de 2026-05-12) ...
C:\Users\S⁄rgioRiciopo\AppData\Local\Programs\Python\Python314\Lib\site-packages\google\cloud\bigquery\table.py:2086: 
UserWarning: BigQuery Storage module not found, fetch data with the REST endpoint instead.
  warnings.warn(
2026-05-28 07:30:30,889 [INFO]   OK servicos: +1,159 novas | 236,886 total -> servicos.parquet
2026-05-28 07:30:30,907 [INFO] [INC]  leituras (a partir de 2026-03-01) ...
C:\Users\S⁄rgioRiciopo\AppData\Local\Programs\Python\Python314\Lib\site-packages\google\cloud\bigquery\table.py:2086: 
UserWarning: BigQuery Storage module not found, fetch data with the REST endpoint instead.
  warnings.warn(
2026-05-28 07:30:38,685 [INFO]   OK leituras: +33,630 novas | 453,680 total -> leituras.parquet
2026-05-28 07:30:38,697 [INFO] [INC]  backlog_servicos (a partir de 2026-05-13) ...
C:\Users\S⁄rgioRiciopo\AppData\Local\Programs\Python\Python314\Lib\site-packages\google\cloud\bigquery\table.py:2086: 
UserWarning: BigQuery Storage module not found, fetch data with the REST endpoint instead.
  warnings.warn(
2026-05-28 07:30:40,611 [INFO]   OK backlog_servicos: +775 novas | 52,512 total -> backlog_servicos.parquet
2026-05-28 07:30:40,617 [INFO] [INC]  alteracao_fatura_contabil (a partir de 2026-03-01) ...
C:\Users\S⁄rgioRiciopo\AppData\Local\Programs\Python\Python314\Lib\site-packages\google\cloud\bigquery\table.py:2086: 
UserWarning: BigQuery Storage module not found, fetch data with the REST endpoint instead.
  warnings.warn(
2026-05-28 07:30:42,156 [INFO]   OK alteracao_fatura_contabil: +70 novas | 903 total -> alteracao_fatura_contabil.parquet
2026-05-28 07:30:42,157 [INFO] [FULL] dim_bairro ...
C:\Users\S⁄rgioRiciopo\AppData\Local\Programs\Python\Python314\Lib\site-packages\google\cloud\bigquery\table.py:2086: 
UserWarning: BigQuery Storage module not found, fetch data with the REST endpoint instead.
  warnings.warn(
2026-05-28 07:30:43,299 [INFO]   OK dim_bairro: 47 linhas (full) -> dim_bairro.parquet
2026-05-28 07:30:43,299 [INFO] [FULL] dim_grupo ...
C:\Users\S⁄rgioRiciopo\AppData\Local\Programs\Python\Python314\Lib\site-packages\google\cloud\bigquery\table.py:2086: 
UserWarning: BigQuery Storage module not found, fetch data with the REST endpoint instead.
  warnings.warn(
2026-05-28 07:30:44,804 [INFO]   OK dim_grupo: 20 linhas (full) -> dim_grupo.parquet
2026-05-28 07:30:44,804 [INFO] [FULL] dim_categoria ...
C:\Users\S⁄rgioRiciopo\AppData\Local\Programs\Python\Python314\Lib\site-packages\google\cloud\bigquery\table.py:2086: 
UserWarning: BigQuery Storage module not found, fetch data with the REST endpoint instead.
  warnings.warn(
2026-05-28 07:30:45,985 [INFO]   OK dim_categoria: 5 linhas (full) -> dim_categoria.parquet
2026-05-28 07:30:45,985 [INFO] [FULL] dim_classe ...
C:\Users\S⁄rgioRiciopo\AppData\Local\Programs\Python\Python314\Lib\site-packages\google\cloud\bigquery\table.py:2086: 
UserWarning: BigQuery Storage module not found, fetch data with the REST endpoint instead.
  warnings.warn(
2026-05-28 07:30:47,342 [INFO]   OK dim_classe: 3 linhas (full) -> dim_classe.parquet
2026-05-28 07:30:47,342 [INFO] [FULL] dim_situacao_fatura ...
C:\Users\S⁄rgioRiciopo\AppData\Local\Programs\Python\Python314\Lib\site-packages\google\cloud\bigquery\table.py:2086: 
UserWarning: BigQuery Storage module not found, fetch data with the REST endpoint instead.
  warnings.warn(
2026-05-28 07:30:48,631 [INFO]   OK dim_situacao_fatura: 15 linhas (full) -> dim_situacao_fatura.parquet
2026-05-28 07:30:48,631 [INFO] [FULL] dim_situacao_servico ...
C:\Users\S⁄rgioRiciopo\AppData\Local\Programs\Python\Python314\Lib\site-packages\google\cloud\bigquery\table.py:2086: 
UserWarning: BigQuery Storage module not found, fetch data with the REST endpoint instead.
  warnings.warn(
2026-05-28 07:30:49,905 [INFO]   OK dim_situacao_servico: 11 linhas (full) -> dim_situacao_servico.parquet
2026-05-28 07:30:49,905 [INFO] [FULL] dim_agente_arrecadador ...
C:\Users\S⁄rgioRiciopo\AppData\Local\Programs\Python\Python314\Lib\site-packages\google\cloud\bigquery\table.py:2086: 
UserWarning: BigQuery Storage module not found, fetch data with the REST endpoint instead.
  warnings.warn(
2026-05-28 07:30:51,735 [INFO]   OK dim_agente_arrecadador: 9 linhas (full) -> dim_agente_arrecadador.parquet
2026-05-28 07:30:51,735 [INFO] [FULL] dim_forma_arrecadacao ...
C:\Users\S⁄rgioRiciopo\AppData\Local\Programs\Python\Python314\Lib\site-packages\google\cloud\bigquery\table.py:2086: 
UserWarning: BigQuery Storage module not found, fetch data with the REST endpoint instead.
  warnings.warn(
2026-05-28 07:30:52,996 [INFO]   OK dim_forma_arrecadacao: 13 linhas (full) -> dim_forma_arrecadacao.parquet
2026-05-28 07:30:52,996 [INFO] [FULL] dim_leiturista ...
C:\Users\S⁄rgioRiciopo\AppData\Local\Programs\Python\Python314\Lib\site-packages\google\cloud\bigquery\table.py:2086: 
UserWarning: BigQuery Storage module not found, fetch data with the REST endpoint instead.
  warnings.warn(
2026-05-28 07:30:54,244 [INFO]   OK dim_leiturista: 13 linhas (full) -> dim_leiturista.parquet
2026-05-28 07:30:54,244 [INFO] [FULL] dim_equipe ...
C:\Users\S⁄rgioRiciopo\AppData\Local\Programs\Python\Python314\Lib\site-packages\google\cloud\bigquery\table.py:2086: 
UserWarning: BigQuery Storage module not found, fetch data with the REST endpoint instead.
  warnings.warn(
2026-05-28 07:30:55,340 [INFO]   OK dim_equipe: 22 linhas (full) -> dim_equipe.parquet
2026-05-28 07:30:55,340 [INFO] [FULL] dim_setor_operacional ...
C:\Users\S⁄rgioRiciopo\AppData\Local\Programs\Python\Python314\Lib\site-packages\google\cloud\bigquery\table.py:2086: 
UserWarning: BigQuery Storage module not found, fetch data with the REST endpoint instead.
  warnings.warn(
2026-05-28 07:30:56,700 [INFO]   OK dim_setor_operacional: 13 linhas (full) -> dim_setor_operacional.parquet
2026-05-28 07:30:56,700 [INFO] [FULL] dim_ocorrencia ...
C:\Users\S⁄rgioRiciopo\AppData\Local\Programs\Python\Python314\Lib\site-packages\google\cloud\bigquery\table.py:2086: 
UserWarning: BigQuery Storage module not found, fetch data with the REST endpoint instead.
  warnings.warn(
2026-05-28 07:30:57,826 [INFO]   OK dim_ocorrencia: 29 linhas (full) -> dim_ocorrencia.parquet
2026-05-28 07:30:57,827 [INFO] [FULL] dim_servico_definicao ...
C:\Users\S⁄rgioRiciopo\AppData\Local\Programs\Python\Python314\Lib\site-packages\google\cloud\bigquery\table.py:2086: 
UserWarning: BigQuery Storage module not found, fetch data with the REST endpoint instead.
  warnings.warn(
2026-05-28 07:30:58,972 [INFO]   OK dim_servico_definicao: 409 linhas (full) -> dim_servico_definicao.parquet
2026-05-28 07:30:58,972 [INFO] 
2026-05-28 07:30:58,972 [INFO] ETL conclu›do: 2026-05-28 07:30:58
2026-05-28 07:30:58,972 [INFO]   Tabelas full      : 14
2026-05-28 07:30:58,972 [INFO]   Tabelas incrementais: 11
2026-05-28 07:30:58,972 [INFO]   Linhas novas/atualizadas: 57,872
2026-05-28 07:30:58,973 [INFO]   Todas as tabelas conclu›das com sucesso.

[28/05/2026 07:30:59] ETL BigQuery concluido com SUCESSO
[28/05/2026 07:30:59] Iniciando ETL Frota...
Iniciando ETL de Consumo de Frota Combust›vel...

[OK] Arquivo encontrado: RelatorioParametrizado 01-04-26 A 30-04-26.xls
Processando: RelatorioParametrizado 01-04-26 A 30-04-26.xls
  [OK] 41 registros processados

============================================================
RESUMO DA EXTRACAO
============================================================
Total de registros: 41
Data minima: 01/04/2026
Data maxima: 30/04/2026

Motorisas unicos: 9
Veiculos unicos: 14
Modelos unicos: 8

Totalizacoes:
  Combustivel consumido: 2204.10 L
  Valor gasto: R$ 14951.30
  Km rodados: 15035
  Eficiencia media: 6.82 km/L

Top 5 motoristas (por valor):
  JOAO REIS DA SILVA CARNEIRO: R$ 7686.10
  PAULO VICTOR DE OLIVEIRA CARNEIRO: R$ 2083.91
  ODELIO FERNANDES JUNIOR: R$ 1575.37
  SERGIO HENRIQUE DE OLIVEIRA RICIOPO: R$ 1559.05
  CARLOS ANDRE DE CASTRO SILVA: R$ 906.08

[OK] Exportado: frota_combustivel.parquet
[OK] Exportado: dim_veiculo_frota.parquet

ETL concluido com sucesso em 28/05/2026 07:30:59

[28/05/2026 07:30:59] ETL Frota concluido com SUCESSO
[28/05/2026 07:30:59] Publicando no GitHub (Streamlit Cloud)...
