[17/06/2026 07:30:04] ======================================================
[17/06/2026 07:30:04] INICIO ETL DIARIO - Aguas de Ipameri
[17/06/2026 07:30:04] ======================================================
[17/06/2026 07:30:04] Iniciando ETL BigQuery...
2026-06-17 07:30:06,317 [INFO] ============================================================
2026-06-17 07:30:06,317 [INFO] ETL iniciado: 2026-06-17 07:30:06
2026-06-17 07:30:06,317 [INFO] Modo: INCREMENTAL (full para dims/snapshots)
2026-06-17 07:30:06,627 [INFO] [INC]  faturamento (a partir de 2026-03-01) ...
python : 
C:\Users\S⁄rgioRiciopo\AppData\Local\Programs\Python\Python314\Lib\site-packages\google\cloud\bigquery\table.py:2086: 
UserWarning: BigQuery Storage module not found, fetch data with the REST endpoint instead.
No C:\BI_Ipameri\scripts\run_etl_diario.ps1:28 caractere:15
+     $output = python "scripts\etl_bigquery.py" 2>&1
+               ~~~~~~~~~~~~~~~~~~~~~~~~~~~~~~~~~~~~~
    + CategoryInfo          : NotSpecified: (C:\Users\S⁄rgio...dpoint instead.:String) [], RemoteException
    + FullyQualifiedErrorId : NativeCommandError
 
  warnings.warn(
2026-06-17 07:30:15,184 [INFO]   OK faturamento: +16,218 novas | 247,387 total -> faturamento.parquet
2026-06-17 07:30:15,196 [INFO] [INC]  arrecadacao (a partir de 2026-04-01) ...
C:\Users\S⁄rgioRiciopo\AppData\Local\Programs\Python\Python314\Lib\site-packages\google\cloud\bigquery\table.py:2086: 
UserWarning: BigQuery Storage module not found, fetch data with the REST endpoint instead.
  warnings.warn(
2026-06-17 07:30:16,846 [INFO]   OK arrecadacao: +782 novas | 10,903 total -> arrecadacao.parquet
2026-06-17 07:30:16,871 [INFO] [INC]  painel_arrecadacao (a partir de 2024-06-11) ...
C:\Users\S⁄rgioRiciopo\AppData\Local\Programs\Python\Python314\Lib\site-packages\google\cloud\bigquery\table.py:2086: 
UserWarning: BigQuery Storage module not found, fetch data with the REST endpoint instead.
  warnings.warn(
2026-06-17 07:30:18,765 [INFO]   OK painel_arrecadacao: +1,537 novas | 549,010 total -> painel_arrecadacao.parquet
2026-06-17 07:30:18,783 [INFO] [INC]  arrecadacao_diaria (a partir de 2026-06-03) ...
C:\Users\S⁄rgioRiciopo\AppData\Local\Programs\Python\Python314\Lib\site-packages\google\cloud\bigquery\table.py:2086: 
UserWarning: BigQuery Storage module not found, fetch data with the REST endpoint instead.
  warnings.warn(
2026-06-17 07:30:20,862 [INFO]   OK arrecadacao_diaria: +2,046 novas | 160,121 total -> arrecadacao_diaria.parquet
2026-06-17 07:30:20,875 [INFO] [INC]  arrecadacao_rubricas (a partir de 2026-04-01) ...
C:\Users\S⁄rgioRiciopo\AppData\Local\Programs\Python\Python314\Lib\site-packages\google\cloud\bigquery\table.py:2086: 
UserWarning: BigQuery Storage module not found, fetch data with the REST endpoint instead.
  warnings.warn(
2026-06-17 07:30:22,473 [INFO]   OK arrecadacao_rubricas: +782 novas | 10,903 total -> arrecadacao_rubricas.parquet
2026-06-17 07:30:22,473 [INFO] [FULL] pendencia_atual ...
C:\Users\S⁄rgioRiciopo\AppData\Local\Programs\Python\Python314\Lib\site-packages\google\cloud\bigquery\table.py:2086: 
UserWarning: BigQuery Storage module not found, fetch data with the REST endpoint instead.
  warnings.warn(
2026-06-17 07:30:26,828 [INFO]   OK pendencia_atual: 20,284 linhas (full) -> pendencia_atual.parquet
2026-06-17 07:30:26,842 [INFO] [INC]  cortes (a partir de 2026-05-16) ...
C:\Users\S⁄rgioRiciopo\AppData\Local\Programs\Python\Python314\Lib\site-packages\google\cloud\bigquery\table.py:2086: 
UserWarning: BigQuery Storage module not found, fetch data with the REST endpoint instead.
  warnings.warn(
2026-06-17 07:30:28,323 [INFO]   OK cortes: +686 novas | 32,595 total -> cortes.parquet
2026-06-17 07:30:28,333 [INFO] [INC]  religacoes (a partir de 2026-05-16) ...
C:\Users\S⁄rgioRiciopo\AppData\Local\Programs\Python\Python314\Lib\site-packages\google\cloud\bigquery\table.py:2086: 
UserWarning: BigQuery Storage module not found, fetch data with the REST endpoint instead.
  warnings.warn(
2026-06-17 07:30:31,582 [INFO]   OK religacoes: +328 novas | 28,221 total -> religacoes.parquet
2026-06-17 07:30:31,608 [INFO] [INC]  servicos (a partir de 2026-06-01) ...
C:\Users\S⁄rgioRiciopo\AppData\Local\Programs\Python\Python314\Lib\site-packages\google\cloud\bigquery\table.py:2086: 
UserWarning: BigQuery Storage module not found, fetch data with the REST endpoint instead.
  warnings.warn(
2026-06-17 07:30:33,544 [INFO]   OK servicos: +1,012 novas | 239,336 total -> servicos.parquet
2026-06-17 07:30:33,563 [INFO] [INC]  leituras (a partir de 2026-04-01) ...
C:\Users\S⁄rgioRiciopo\AppData\Local\Programs\Python\Python314\Lib\site-packages\google\cloud\bigquery\table.py:2086: 
UserWarning: BigQuery Storage module not found, fetch data with the REST endpoint instead.
  warnings.warn(
2026-06-17 07:30:39,391 [INFO]   OK leituras: +31,067 novas | 462,402 total -> leituras.parquet
2026-06-17 07:30:39,408 [INFO] [INC]  backlog_servicos (a partir de 2026-06-01) ...
C:\Users\S⁄rgioRiciopo\AppData\Local\Programs\Python\Python314\Lib\site-packages\google\cloud\bigquery\table.py:2086: 
UserWarning: BigQuery Storage module not found, fetch data with the REST endpoint instead.
  warnings.warn(
2026-06-17 07:30:40,980 [INFO]   OK backlog_servicos: +730 novas | 53,363 total -> backlog_servicos.parquet
2026-06-17 07:30:40,986 [INFO] [INC]  alteracao_fatura_contabil (a partir de 2026-04-01) ...
C:\Users\S⁄rgioRiciopo\AppData\Local\Programs\Python\Python314\Lib\site-packages\google\cloud\bigquery\table.py:2086: 
UserWarning: BigQuery Storage module not found, fetch data with the REST endpoint instead.
  warnings.warn(
2026-06-17 07:30:42,325 [INFO]   OK alteracao_fatura_contabil: +56 novas | 914 total -> alteracao_fatura_contabil.parquet
2026-06-17 07:30:42,325 [INFO] [FULL] dim_bairro ...
C:\Users\S⁄rgioRiciopo\AppData\Local\Programs\Python\Python314\Lib\site-packages\google\cloud\bigquery\table.py:2086: 
UserWarning: BigQuery Storage module not found, fetch data with the REST endpoint instead.
  warnings.warn(
2026-06-17 07:30:43,714 [INFO]   OK dim_bairro: 48 linhas (full) -> dim_bairro.parquet
2026-06-17 07:30:43,714 [INFO] [FULL] dim_grupo ...
C:\Users\S⁄rgioRiciopo\AppData\Local\Programs\Python\Python314\Lib\site-packages\google\cloud\bigquery\table.py:2086: 
UserWarning: BigQuery Storage module not found, fetch data with the REST endpoint instead.
  warnings.warn(
2026-06-17 07:30:45,087 [INFO]   OK dim_grupo: 20 linhas (full) -> dim_grupo.parquet
2026-06-17 07:30:45,087 [INFO] [FULL] dim_categoria ...
C:\Users\S⁄rgioRiciopo\AppData\Local\Programs\Python\Python314\Lib\site-packages\google\cloud\bigquery\table.py:2086: 
UserWarning: BigQuery Storage module not found, fetch data with the REST endpoint instead.
  warnings.warn(
2026-06-17 07:30:46,488 [INFO]   OK dim_categoria: 5 linhas (full) -> dim_categoria.parquet
2026-06-17 07:30:46,488 [INFO] [FULL] dim_classe ...
C:\Users\S⁄rgioRiciopo\AppData\Local\Programs\Python\Python314\Lib\site-packages\google\cloud\bigquery\table.py:2086: 
UserWarning: BigQuery Storage module not found, fetch data with the REST endpoint instead.
  warnings.warn(
2026-06-17 07:30:47,984 [INFO]   OK dim_classe: 3 linhas (full) -> dim_classe.parquet
2026-06-17 07:30:47,984 [INFO] [FULL] dim_situacao_fatura ...
C:\Users\S⁄rgioRiciopo\AppData\Local\Programs\Python\Python314\Lib\site-packages\google\cloud\bigquery\table.py:2086: 
UserWarning: BigQuery Storage module not found, fetch data with the REST endpoint instead.
  warnings.warn(
2026-06-17 07:30:49,174 [INFO]   OK dim_situacao_fatura: 15 linhas (full) -> dim_situacao_fatura.parquet
2026-06-17 07:30:49,174 [INFO] [FULL] dim_situacao_servico ...
C:\Users\S⁄rgioRiciopo\AppData\Local\Programs\Python\Python314\Lib\site-packages\google\cloud\bigquery\table.py:2086: 
UserWarning: BigQuery Storage module not found, fetch data with the REST endpoint instead.
  warnings.warn(
2026-06-17 07:30:50,696 [INFO]   OK dim_situacao_servico: 11 linhas (full) -> dim_situacao_servico.parquet
2026-06-17 07:30:50,696 [INFO] [FULL] dim_agente_arrecadador ...
C:\Users\S⁄rgioRiciopo\AppData\Local\Programs\Python\Python314\Lib\site-packages\google\cloud\bigquery\table.py:2086: 
UserWarning: BigQuery Storage module not found, fetch data with the REST endpoint instead.
  warnings.warn(
2026-06-17 07:30:52,023 [INFO]   OK dim_agente_arrecadador: 9 linhas (full) -> dim_agente_arrecadador.parquet
2026-06-17 07:30:52,023 [INFO] [FULL] dim_forma_arrecadacao ...
C:\Users\S⁄rgioRiciopo\AppData\Local\Programs\Python\Python314\Lib\site-packages\google\cloud\bigquery\table.py:2086: 
UserWarning: BigQuery Storage module not found, fetch data with the REST endpoint instead.
  warnings.warn(
2026-06-17 07:30:53,273 [INFO]   OK dim_forma_arrecadacao: 13 linhas (full) -> dim_forma_arrecadacao.parquet
2026-06-17 07:30:53,273 [INFO] [FULL] dim_leiturista ...
C:\Users\S⁄rgioRiciopo\AppData\Local\Programs\Python\Python314\Lib\site-packages\google\cloud\bigquery\table.py:2086: 
UserWarning: BigQuery Storage module not found, fetch data with the REST endpoint instead.
  warnings.warn(
2026-06-17 07:30:54,641 [INFO]   OK dim_leiturista: 13 linhas (full) -> dim_leiturista.parquet
2026-06-17 07:30:54,641 [INFO] [FULL] dim_equipe ...
C:\Users\S⁄rgioRiciopo\AppData\Local\Programs\Python\Python314\Lib\site-packages\google\cloud\bigquery\table.py:2086: 
UserWarning: BigQuery Storage module not found, fetch data with the REST endpoint instead.
  warnings.warn(
2026-06-17 07:30:55,843 [INFO]   OK dim_equipe: 23 linhas (full) -> dim_equipe.parquet
2026-06-17 07:30:55,843 [INFO] [FULL] dim_setor_operacional ...
C:\Users\S⁄rgioRiciopo\AppData\Local\Programs\Python\Python314\Lib\site-packages\google\cloud\bigquery\table.py:2086: 
UserWarning: BigQuery Storage module not found, fetch data with the REST endpoint instead.
  warnings.warn(
2026-06-17 07:30:57,089 [INFO]   OK dim_setor_operacional: 13 linhas (full) -> dim_setor_operacional.parquet
2026-06-17 07:30:57,089 [INFO] [FULL] dim_ocorrencia ...
C:\Users\S⁄rgioRiciopo\AppData\Local\Programs\Python\Python314\Lib\site-packages\google\cloud\bigquery\table.py:2086: 
UserWarning: BigQuery Storage module not found, fetch data with the REST endpoint instead.
  warnings.warn(
2026-06-17 07:30:58,280 [INFO]   OK dim_ocorrencia: 29 linhas (full) -> dim_ocorrencia.parquet
2026-06-17 07:30:58,280 [INFO] [FULL] dim_servico_definicao ...
C:\Users\S⁄rgioRiciopo\AppData\Local\Programs\Python\Python314\Lib\site-packages\google\cloud\bigquery\table.py:2086: 
UserWarning: BigQuery Storage module not found, fetch data with the REST endpoint instead.
  warnings.warn(
2026-06-17 07:30:59,754 [INFO]   OK dim_servico_definicao: 409 linhas (full) -> dim_servico_definicao.parquet
2026-06-17 07:30:59,754 [INFO] 
2026-06-17 07:30:59,754 [INFO] ETL conclu›do: 2026-06-17 07:30:59
2026-06-17 07:30:59,754 [INFO]   Tabelas full      : 14
2026-06-17 07:30:59,754 [INFO]   Tabelas incrementais: 11
2026-06-17 07:30:59,754 [INFO]   Linhas novas/atualizadas: 55,244
2026-06-17 07:30:59,754 [INFO]   Todas as tabelas conclu›das com sucesso.

[17/06/2026 07:31:00] ETL BigQuery concluido com SUCESSO
[17/06/2026 07:31:00] Iniciando ETL Frota...
Iniciando ETL de Consumo de Frota Combust›vel...

[OK] Arquivo encontrado: RelatorioParametrizado 01-04-26 A 30-04-26.xls
Processando: RelatorioParametrizado 01-04-26 A 30-04-26.xls
  [OK] 41 registros processados

============================================================
RESUMO DA EXTRACAO
============================================================
Total de registros: 41
Data minima: 01/04/2026
Data maxima: 30/04/2026

Motorisas unicos: 9
Veiculos unicos: 14
Modelos unicos: 8

Totalizacoes:
  Combustivel consumido: 2204.10 L
  Valor gasto: R$ 14951.30
  Km rodados: 15035
  Eficiencia media: 6.82 km/L

Top 5 motoristas (por valor):
  JOAO REIS DA SILVA CARNEIRO: R$ 7686.10
  PAULO VICTOR DE OLIVEIRA CARNEIRO: R$ 2083.91
  ODELIO FERNANDES JUNIOR: R$ 1575.37
  SERGIO HENRIQUE DE OLIVEIRA RICIOPO: R$ 1559.05
  CARLOS ANDRE DE CASTRO SILVA: R$ 906.08

[OK] Exportado: frota_combustivel.parquet
[OK] Exportado: dim_veiculo_frota.parquet

ETL concluido com sucesso em 17/06/2026 07:31:00

[17/06/2026 07:31:00] ETL Frota concluido com SUCESSO
[17/06/2026 07:31:00] Publicando no GitHub (Streamlit Cloud)...
