[01/07/2026 07:30:01] ======================================================
[01/07/2026 07:30:01] INICIO ETL DIARIO - Aguas de Ipameri
[01/07/2026 07:30:01] ======================================================
[01/07/2026 07:30:01] Iniciando ETL BigQuery...
2026-07-01 07:30:12,252 [INFO] ============================================================
2026-07-01 07:30:12,252 [INFO] ETL iniciado: 2026-07-01 07:30:12
2026-07-01 07:30:12,253 [INFO] Modo: INCREMENTAL (full para dims/snapshots)
2026-07-01 07:30:12,466 [INFO] [INC]  faturamento (a partir de 2026-03-01) ...
python : 
C:\Users\S⁄rgioRiciopo\AppData\Local\Programs\Python\Python314\Lib\site-packages\google\cloud\bigquery\table.py:2086: 
UserWarning: BigQuery Storage module not found, fetch data with the REST endpoint instead.
No C:\BI_Ipameri\scripts\run_etl_diario.ps1:28 caractere:15
+     $output = python "scripts\etl_bigquery.py" 2>&1
+               ~~~~~~~~~~~~~~~~~~~~~~~~~~~~~~~~~~~~~
    + CategoryInfo          : NotSpecified: (C:\Users\S⁄rgio...dpoint instead.:String) [], RemoteException
    + FullyQualifiedErrorId : NativeCommandError
 
  warnings.warn(
2026-07-01 07:30:21,391 [INFO]   OK faturamento: +21,555 novas | 252,724 total -> faturamento.parquet
2026-07-01 07:30:21,404 [INFO] [INC]  arrecadacao (a partir de 2026-04-01) ...
C:\Users\S⁄rgioRiciopo\AppData\Local\Programs\Python\Python314\Lib\site-packages\google\cloud\bigquery\table.py:2086: 
UserWarning: BigQuery Storage module not found, fetch data with the REST endpoint instead.
  warnings.warn(
2026-07-01 07:30:23,251 [INFO]   OK arrecadacao: +828 novas | 10,949 total -> arrecadacao.parquet
2026-07-01 07:30:23,286 [INFO] [INC]  painel_arrecadacao (a partir de 2024-06-11) ...
C:\Users\S⁄rgioRiciopo\AppData\Local\Programs\Python\Python314\Lib\site-packages\google\cloud\bigquery\table.py:2086: 
UserWarning: BigQuery Storage module not found, fetch data with the REST endpoint instead.
  warnings.warn(
2026-07-01 07:30:25,990 [INFO]   OK painel_arrecadacao: +1,537 novas | 549,010 total -> painel_arrecadacao.parquet
2026-07-01 07:30:26,011 [INFO] [INC]  arrecadacao_diaria (a partir de 2026-06-17) ...
C:\Users\S⁄rgioRiciopo\AppData\Local\Programs\Python\Python314\Lib\site-packages\google\cloud\bigquery\table.py:2086: 
UserWarning: BigQuery Storage module not found, fetch data with the REST endpoint instead.
  warnings.warn(
2026-07-01 07:30:28,493 [INFO]   OK arrecadacao_diaria: +1,641 novas | 161,642 total -> arrecadacao_diaria.parquet
2026-07-01 07:30:28,521 [INFO] [INC]  arrecadacao_rubricas (a partir de 2026-04-01) ...
C:\Users\S⁄rgioRiciopo\AppData\Local\Programs\Python\Python314\Lib\site-packages\google\cloud\bigquery\table.py:2086: 
UserWarning: BigQuery Storage module not found, fetch data with the REST endpoint instead.
  warnings.warn(
2026-07-01 07:30:30,443 [INFO]   OK arrecadacao_rubricas: +828 novas | 10,949 total -> arrecadacao_rubricas.parquet
2026-07-01 07:30:30,443 [INFO] [FULL] pendencia_atual ...
C:\Users\S⁄rgioRiciopo\AppData\Local\Programs\Python\Python314\Lib\site-packages\google\cloud\bigquery\table.py:2086: 
UserWarning: BigQuery Storage module not found, fetch data with the REST endpoint instead.
  warnings.warn(
2026-07-01 07:30:35,944 [INFO]   OK pendencia_atual: 18,865 linhas (full) -> pendencia_atual.parquet
2026-07-01 07:30:35,967 [INFO] [INC]  cortes (a partir de 2026-05-30) ...
C:\Users\S⁄rgioRiciopo\AppData\Local\Programs\Python\Python314\Lib\site-packages\google\cloud\bigquery\table.py:2086: 
UserWarning: BigQuery Storage module not found, fetch data with the REST endpoint instead.
  warnings.warn(
2026-07-01 07:30:38,214 [INFO]   OK cortes: +747 novas | 33,207 total -> cortes.parquet
2026-07-01 07:30:38,227 [INFO] [INC]  religacoes (a partir de 2026-05-30) ...
C:\Users\S⁄rgioRiciopo\AppData\Local\Programs\Python\Python314\Lib\site-packages\google\cloud\bigquery\table.py:2086: 
UserWarning: BigQuery Storage module not found, fetch data with the REST endpoint instead.
  warnings.warn(
2026-07-01 07:30:40,449 [INFO]   OK religacoes: +324 novas | 28,376 total -> religacoes.parquet
2026-07-01 07:30:40,505 [INFO] [INC]  servicos (a partir de 2026-06-15) ...
C:\Users\S⁄rgioRiciopo\AppData\Local\Programs\Python\Python314\Lib\site-packages\google\cloud\bigquery\table.py:2086: 
UserWarning: BigQuery Storage module not found, fetch data with the REST endpoint instead.
  warnings.warn(
2026-07-01 07:30:42,676 [INFO]   OK servicos: +1,266 novas | 241,051 total -> servicos.parquet
2026-07-01 07:30:42,718 [INFO] [INC]  leituras (a partir de 2026-04-01) ...
C:\Users\S⁄rgioRiciopo\AppData\Local\Programs\Python\Python314\Lib\site-packages\google\cloud\bigquery\table.py:2086: 
UserWarning: BigQuery Storage module not found, fetch data with the REST endpoint instead.
  warnings.warn(
2026-07-01 07:31:36,747 [INFO]   OK leituras: +33,383 novas | 464,718 total -> leituras.parquet
2026-07-01 07:31:36,764 [INFO] [INC]  backlog_servicos (a partir de 2026-06-15) ...
C:\Users\S⁄rgioRiciopo\AppData\Local\Programs\Python\Python314\Lib\site-packages\google\cloud\bigquery\table.py:2086: 
UserWarning: BigQuery Storage module not found, fetch data with the REST endpoint instead.
  warnings.warn(
2026-07-01 07:31:38,519 [INFO]   OK backlog_servicos: +709 novas | 53,931 total -> backlog_servicos.parquet
2026-07-01 07:31:38,529 [INFO] [INC]  alteracao_fatura_contabil (a partir de 2026-04-01) ...
C:\Users\S⁄rgioRiciopo\AppData\Local\Programs\Python\Python314\Lib\site-packages\google\cloud\bigquery\table.py:2086: 
UserWarning: BigQuery Storage module not found, fetch data with the REST endpoint instead.
  warnings.warn(
2026-07-01 07:31:39,980 [INFO]   OK alteracao_fatura_contabil: +57 novas | 915 total -> alteracao_fatura_contabil.parquet
2026-07-01 07:31:39,980 [INFO] [FULL] dim_bairro ...
C:\Users\S⁄rgioRiciopo\AppData\Local\Programs\Python\Python314\Lib\site-packages\google\cloud\bigquery\table.py:2086: 
UserWarning: BigQuery Storage module not found, fetch data with the REST endpoint instead.
  warnings.warn(
2026-07-01 07:31:41,507 [INFO]   OK dim_bairro: 48 linhas (full) -> dim_bairro.parquet
2026-07-01 07:31:41,507 [INFO] [FULL] dim_grupo ...
C:\Users\S⁄rgioRiciopo\AppData\Local\Programs\Python\Python314\Lib\site-packages\google\cloud\bigquery\table.py:2086: 
UserWarning: BigQuery Storage module not found, fetch data with the REST endpoint instead.
  warnings.warn(
2026-07-01 07:31:43,268 [INFO]   OK dim_grupo: 20 linhas (full) -> dim_grupo.parquet
2026-07-01 07:31:43,269 [INFO] [FULL] dim_categoria ...
C:\Users\S⁄rgioRiciopo\AppData\Local\Programs\Python\Python314\Lib\site-packages\google\cloud\bigquery\table.py:2086: 
UserWarning: BigQuery Storage module not found, fetch data with the REST endpoint instead.
  warnings.warn(
2026-07-01 07:31:45,074 [INFO]   OK dim_categoria: 5 linhas (full) -> dim_categoria.parquet
2026-07-01 07:31:45,075 [INFO] [FULL] dim_classe ...
C:\Users\S⁄rgioRiciopo\AppData\Local\Programs\Python\Python314\Lib\site-packages\google\cloud\bigquery\table.py:2086: 
UserWarning: BigQuery Storage module not found, fetch data with the REST endpoint instead.
  warnings.warn(
2026-07-01 07:31:46,570 [INFO]   OK dim_classe: 3 linhas (full) -> dim_classe.parquet
2026-07-01 07:31:46,570 [INFO] [FULL] dim_situacao_fatura ...
C:\Users\S⁄rgioRiciopo\AppData\Local\Programs\Python\Python314\Lib\site-packages\google\cloud\bigquery\table.py:2086: 
UserWarning: BigQuery Storage module not found, fetch data with the REST endpoint instead.
  warnings.warn(
2026-07-01 07:31:48,146 [INFO]   OK dim_situacao_fatura: 15 linhas (full) -> dim_situacao_fatura.parquet
2026-07-01 07:31:48,146 [INFO] [FULL] dim_situacao_servico ...
C:\Users\S⁄rgioRiciopo\AppData\Local\Programs\Python\Python314\Lib\site-packages\google\cloud\bigquery\table.py:2086: 
UserWarning: BigQuery Storage module not found, fetch data with the REST endpoint instead.
  warnings.warn(
2026-07-01 07:31:49,673 [INFO]   OK dim_situacao_servico: 11 linhas (full) -> dim_situacao_servico.parquet
2026-07-01 07:31:49,674 [INFO] [FULL] dim_agente_arrecadador ...
C:\Users\S⁄rgioRiciopo\AppData\Local\Programs\Python\Python314\Lib\site-packages\google\cloud\bigquery\table.py:2086: 
UserWarning: BigQuery Storage module not found, fetch data with the REST endpoint instead.
  warnings.warn(
2026-07-01 07:31:51,551 [INFO]   OK dim_agente_arrecadador: 9 linhas (full) -> dim_agente_arrecadador.parquet
2026-07-01 07:31:51,551 [INFO] [FULL] dim_forma_arrecadacao ...
C:\Users\S⁄rgioRiciopo\AppData\Local\Programs\Python\Python314\Lib\site-packages\google\cloud\bigquery\table.py:2086: 
UserWarning: BigQuery Storage module not found, fetch data with the REST endpoint instead.
  warnings.warn(
2026-07-01 07:31:52,947 [INFO]   OK dim_forma_arrecadacao: 13 linhas (full) -> dim_forma_arrecadacao.parquet
2026-07-01 07:31:52,948 [INFO] [FULL] dim_leiturista ...
C:\Users\S⁄rgioRiciopo\AppData\Local\Programs\Python\Python314\Lib\site-packages\google\cloud\bigquery\table.py:2086: 
UserWarning: BigQuery Storage module not found, fetch data with the REST endpoint instead.
  warnings.warn(
2026-07-01 07:31:54,508 [INFO]   OK dim_leiturista: 13 linhas (full) -> dim_leiturista.parquet
2026-07-01 07:31:54,508 [INFO] [FULL] dim_equipe ...
C:\Users\S⁄rgioRiciopo\AppData\Local\Programs\Python\Python314\Lib\site-packages\google\cloud\bigquery\table.py:2086: 
UserWarning: BigQuery Storage module not found, fetch data with the REST endpoint instead.
  warnings.warn(
2026-07-01 07:31:55,844 [INFO]   OK dim_equipe: 24 linhas (full) -> dim_equipe.parquet
2026-07-01 07:31:55,845 [INFO] [FULL] dim_setor_operacional ...
C:\Users\S⁄rgioRiciopo\AppData\Local\Programs\Python\Python314\Lib\site-packages\google\cloud\bigquery\table.py:2086: 
UserWarning: BigQuery Storage module not found, fetch data with the REST endpoint instead.
  warnings.warn(
2026-07-01 07:31:57,188 [INFO]   OK dim_setor_operacional: 13 linhas (full) -> dim_setor_operacional.parquet
2026-07-01 07:31:57,189 [INFO] [FULL] dim_ocorrencia ...
C:\Users\S⁄rgioRiciopo\AppData\Local\Programs\Python\Python314\Lib\site-packages\google\cloud\bigquery\table.py:2086: 
UserWarning: BigQuery Storage module not found, fetch data with the REST endpoint instead.
  warnings.warn(
2026-07-01 07:31:58,613 [INFO]   OK dim_ocorrencia: 29 linhas (full) -> dim_ocorrencia.parquet
2026-07-01 07:31:58,614 [INFO] [FULL] dim_servico_definicao ...
C:\Users\S⁄rgioRiciopo\AppData\Local\Programs\Python\Python314\Lib\site-packages\google\cloud\bigquery\table.py:2086: 
UserWarning: BigQuery Storage module not found, fetch data with the REST endpoint instead.
  warnings.warn(
2026-07-01 07:31:59,953 [INFO]   OK dim_servico_definicao: 409 linhas (full) -> dim_servico_definicao.parquet
2026-07-01 07:31:59,953 [INFO] 
2026-07-01 07:31:59,953 [INFO] ETL conclu›do: 2026-07-01 07:31:59
2026-07-01 07:31:59,953 [INFO]   Tabelas full      : 14
2026-07-01 07:31:59,953 [INFO]   Tabelas incrementais: 11
2026-07-01 07:31:59,954 [INFO]   Linhas novas/atualizadas: 62,875
2026-07-01 07:31:59,954 [INFO]   Todas as tabelas conclu›das com sucesso.

[01/07/2026 07:32:00] ETL BigQuery concluido com SUCESSO
[01/07/2026 07:32:00] Iniciando ETL Frota...
Iniciando ETL de Consumo de Frota Combust›vel...

[OK] Arquivo encontrado: RelatorioParametrizado 01-04-26 A 30-04-26.xls
Processando: RelatorioParametrizado 01-04-26 A 30-04-26.xls
  [OK] 41 registros processados

============================================================
RESUMO DA EXTRACAO
============================================================
Total de registros: 41
Data minima: 01/04/2026
Data maxima: 30/04/2026

Motorisas unicos: 9
Veiculos unicos: 14
Modelos unicos: 8

Totalizacoes:
  Combustivel consumido: 2204.10 L
  Valor gasto: R$ 14951.30
  Km rodados: 15035
  Eficiencia media: 6.82 km/L

Top 5 motoristas (por valor):
  JOAO REIS DA SILVA CARNEIRO: R$ 7686.10
  PAULO VICTOR DE OLIVEIRA CARNEIRO: R$ 2083.91
  ODELIO FERNANDES JUNIOR: R$ 1575.37
  SERGIO HENRIQUE DE OLIVEIRA RICIOPO: R$ 1559.05
  CARLOS ANDRE DE CASTRO SILVA: R$ 906.08

[OK] Exportado: frota_combustivel.parquet
[OK] Exportado: dim_veiculo_frota.parquet

ETL concluido com sucesso em 01/07/2026 07:32:01

[01/07/2026 07:32:01] ETL Frota concluido com SUCESSO
[01/07/2026 07:32:01] Publicando no GitHub (Streamlit Cloud)...
