[19/05/2026 07:30:03] ======================================================
[19/05/2026 07:30:03] INICIO ETL DIARIO - Aguas de Ipameri
[19/05/2026 07:30:03] ======================================================
[19/05/2026 07:30:03] Iniciando ETL BigQuery...
2026-05-19 07:30:05,474 [INFO] ============================================================
2026-05-19 07:30:05,475 [INFO] ETL iniciado: 2026-05-19 07:30:05
2026-05-19 07:30:05,475 [INFO] Modo: INCREMENTAL (full para dims/snapshots)
2026-05-19 07:30:05,698 [INFO] [INC]  faturamento (a partir de 2026-02-01) ...
python : 
C:\Users\S⁄rgioRiciopo\AppData\Local\Programs\Python\Python314\Lib\site-packages\google\cloud\bigquery\table.py:2086: 
UserWarning: BigQuery Storage module not found, fetch data with the REST endpoint instead.
No C:\BI_Ipameri\scripts\run_etl_diario.ps1:28 caractere:15
+     $output = python "scripts\etl_bigquery.py" 2>&1
+               ~~~~~~~~~~~~~~~~~~~~~~~~~~~~~~~~~~~~~
    + CategoryInfo          : NotSpecified: (C:\Users\S⁄rgio...dpoint instead.:String) [], RemoteException
    + FullyQualifiedErrorId : NativeCommandError
 
  warnings.warn(
2026-05-19 07:30:14,801 [INFO]   OK faturamento: +16,014 novas | 241,945 total -> faturamento.parquet
2026-05-19 07:30:14,816 [INFO] [INC]  arrecadacao (a partir de 2026-03-01) ...
C:\Users\S⁄rgioRiciopo\AppData\Local\Programs\Python\Python314\Lib\site-packages\google\cloud\bigquery\table.py:2086: 
UserWarning: BigQuery Storage module not found, fetch data with the REST endpoint instead.
  warnings.warn(
2026-05-19 07:30:16,576 [INFO]   OK arrecadacao: +790 novas | 10,623 total -> arrecadacao.parquet
2026-05-19 07:30:16,612 [INFO] [INC]  painel_arrecadacao (a partir de 2024-06-11) ...
C:\Users\S⁄rgioRiciopo\AppData\Local\Programs\Python\Python314\Lib\site-packages\google\cloud\bigquery\table.py:2086: 
UserWarning: BigQuery Storage module not found, fetch data with the REST endpoint instead.
  warnings.warn(
2026-05-19 07:30:19,290 [INFO]   OK painel_arrecadacao: +1,537 novas | 549,010 total -> painel_arrecadacao.parquet
2026-05-19 07:30:19,314 [INFO] [INC]  arrecadacao_diaria (a partir de 2026-05-06) ...
C:\Users\S⁄rgioRiciopo\AppData\Local\Programs\Python\Python314\Lib\site-packages\google\cloud\bigquery\table.py:2086: 
UserWarning: BigQuery Storage module not found, fetch data with the REST endpoint instead.
  warnings.warn(
2026-05-19 07:30:21,907 [INFO]   OK arrecadacao_diaria: +1,914 novas | 156,512 total -> arrecadacao_diaria.parquet
2026-05-19 07:30:21,920 [INFO] [INC]  arrecadacao_rubricas (a partir de 2026-03-01) ...
C:\Users\S⁄rgioRiciopo\AppData\Local\Programs\Python\Python314\Lib\site-packages\google\cloud\bigquery\table.py:2086: 
UserWarning: BigQuery Storage module not found, fetch data with the REST endpoint instead.
  warnings.warn(
2026-05-19 07:30:23,415 [INFO]   OK arrecadacao_rubricas: +790 novas | 10,623 total -> arrecadacao_rubricas.parquet
2026-05-19 07:30:23,416 [INFO] [FULL] pendencia_atual ...
C:\Users\S⁄rgioRiciopo\AppData\Local\Programs\Python\Python314\Lib\site-packages\google\cloud\bigquery\table.py:2086: 
UserWarning: BigQuery Storage module not found, fetch data with the REST endpoint instead.
  warnings.warn(
2026-05-19 07:30:28,191 [INFO]   OK pendencia_atual: 20,274 linhas (full) -> pendencia_atual.parquet
2026-05-19 07:30:28,207 [INFO] [INC]  cortes (a partir de 2026-04-14) ...
C:\Users\S⁄rgioRiciopo\AppData\Local\Programs\Python\Python314\Lib\site-packages\google\cloud\bigquery\table.py:2086: 
UserWarning: BigQuery Storage module not found, fetch data with the REST endpoint instead.
  warnings.warn(
2026-05-19 07:30:30,560 [INFO]   OK cortes: +624 novas | 31,635 total -> cortes.parquet
2026-05-19 07:30:30,575 [INFO] [INC]  religacoes (a partir de 2026-04-16) ...
C:\Users\S⁄rgioRiciopo\AppData\Local\Programs\Python\Python314\Lib\site-packages\google\cloud\bigquery\table.py:2086: 
UserWarning: BigQuery Storage module not found, fetch data with the REST endpoint instead.
  warnings.warn(
2026-05-19 07:30:32,101 [INFO]   OK religacoes: +240 novas | 27,900 total -> religacoes.parquet
2026-05-19 07:30:32,136 [INFO] [INC]  servicos (a partir de 2026-05-02) ...
C:\Users\S⁄rgioRiciopo\AppData\Local\Programs\Python\Python314\Lib\site-packages\google\cloud\bigquery\table.py:2086: 
UserWarning: BigQuery Storage module not found, fetch data with the REST endpoint instead.
  warnings.warn(
2026-05-19 07:30:34,525 [INFO]   OK servicos: +1,144 novas | 235,453 total -> servicos.parquet
2026-05-19 07:30:34,558 [INFO] [INC]  leituras (a partir de 2026-03-01) ...
C:\Users\S⁄rgioRiciopo\AppData\Local\Programs\Python\Python314\Lib\site-packages\google\cloud\bigquery\table.py:2086: 
UserWarning: BigQuery Storage module not found, fetch data with the REST endpoint instead.
  warnings.warn(
2026-05-19 07:30:42,520 [INFO]   OK leituras: +31,588 novas | 451,638 total -> leituras.parquet
2026-05-19 07:30:42,536 [INFO] [INC]  backlog_servicos (a partir de 2026-05-02) ...
C:\Users\S⁄rgioRiciopo\AppData\Local\Programs\Python\Python314\Lib\site-packages\google\cloud\bigquery\table.py:2086: 
UserWarning: BigQuery Storage module not found, fetch data with the REST endpoint instead.
  warnings.warn(
2026-05-19 07:30:44,077 [INFO]   OK backlog_servicos: +822 novas | 52,023 total -> backlog_servicos.parquet
2026-05-19 07:30:44,085 [INFO] [INC]  alteracao_fatura_contabil (a partir de 2026-03-01) ...
C:\Users\S⁄rgioRiciopo\AppData\Local\Programs\Python\Python314\Lib\site-packages\google\cloud\bigquery\table.py:2086: 
UserWarning: BigQuery Storage module not found, fetch data with the REST endpoint instead.
  warnings.warn(
2026-05-19 07:30:45,430 [INFO]   OK alteracao_fatura_contabil: +66 novas | 899 total -> alteracao_fatura_contabil.parquet
2026-05-19 07:30:45,430 [INFO] [FULL] dim_bairro ...
C:\Users\S⁄rgioRiciopo\AppData\Local\Programs\Python\Python314\Lib\site-packages\google\cloud\bigquery\table.py:2086: 
UserWarning: BigQuery Storage module not found, fetch data with the REST endpoint instead.
  warnings.warn(
2026-05-19 07:30:46,673 [INFO]   OK dim_bairro: 47 linhas (full) -> dim_bairro.parquet
2026-05-19 07:30:46,673 [INFO] [FULL] dim_grupo ...
C:\Users\S⁄rgioRiciopo\AppData\Local\Programs\Python\Python314\Lib\site-packages\google\cloud\bigquery\table.py:2086: 
UserWarning: BigQuery Storage module not found, fetch data with the REST endpoint instead.
  warnings.warn(
2026-05-19 07:30:48,045 [INFO]   OK dim_grupo: 20 linhas (full) -> dim_grupo.parquet
2026-05-19 07:30:48,046 [INFO] [FULL] dim_categoria ...
C:\Users\S⁄rgioRiciopo\AppData\Local\Programs\Python\Python314\Lib\site-packages\google\cloud\bigquery\table.py:2086: 
UserWarning: BigQuery Storage module not found, fetch data with the REST endpoint instead.
  warnings.warn(
2026-05-19 07:30:49,762 [INFO]   OK dim_categoria: 5 linhas (full) -> dim_categoria.parquet
2026-05-19 07:30:49,762 [INFO] [FULL] dim_classe ...
C:\Users\S⁄rgioRiciopo\AppData\Local\Programs\Python\Python314\Lib\site-packages\google\cloud\bigquery\table.py:2086: 
UserWarning: BigQuery Storage module not found, fetch data with the REST endpoint instead.
  warnings.warn(
2026-05-19 07:30:50,969 [INFO]   OK dim_classe: 3 linhas (full) -> dim_classe.parquet
2026-05-19 07:30:50,969 [INFO] [FULL] dim_situacao_fatura ...
C:\Users\S⁄rgioRiciopo\AppData\Local\Programs\Python\Python314\Lib\site-packages\google\cloud\bigquery\table.py:2086: 
UserWarning: BigQuery Storage module not found, fetch data with the REST endpoint instead.
  warnings.warn(
2026-05-19 07:30:52,276 [INFO]   OK dim_situacao_fatura: 15 linhas (full) -> dim_situacao_fatura.parquet
2026-05-19 07:30:52,276 [INFO] [FULL] dim_situacao_servico ...
C:\Users\S⁄rgioRiciopo\AppData\Local\Programs\Python\Python314\Lib\site-packages\google\cloud\bigquery\table.py:2086: 
UserWarning: BigQuery Storage module not found, fetch data with the REST endpoint instead.
  warnings.warn(
2026-05-19 07:30:53,417 [INFO]   OK dim_situacao_servico: 11 linhas (full) -> dim_situacao_servico.parquet
2026-05-19 07:30:53,417 [INFO] [FULL] dim_agente_arrecadador ...
C:\Users\S⁄rgioRiciopo\AppData\Local\Programs\Python\Python314\Lib\site-packages\google\cloud\bigquery\table.py:2086: 
UserWarning: BigQuery Storage module not found, fetch data with the REST endpoint instead.
  warnings.warn(
2026-05-19 07:30:54,653 [INFO]   OK dim_agente_arrecadador: 9 linhas (full) -> dim_agente_arrecadador.parquet
2026-05-19 07:30:54,654 [INFO] [FULL] dim_forma_arrecadacao ...
C:\Users\S⁄rgioRiciopo\AppData\Local\Programs\Python\Python314\Lib\site-packages\google\cloud\bigquery\table.py:2086: 
UserWarning: BigQuery Storage module not found, fetch data with the REST endpoint instead.
  warnings.warn(
2026-05-19 07:30:55,850 [INFO]   OK dim_forma_arrecadacao: 13 linhas (full) -> dim_forma_arrecadacao.parquet
2026-05-19 07:30:55,850 [INFO] [FULL] dim_leiturista ...
C:\Users\S⁄rgioRiciopo\AppData\Local\Programs\Python\Python314\Lib\site-packages\google\cloud\bigquery\table.py:2086: 
UserWarning: BigQuery Storage module not found, fetch data with the REST endpoint instead.
  warnings.warn(
2026-05-19 07:30:57,135 [INFO]   OK dim_leiturista: 13 linhas (full) -> dim_leiturista.parquet
2026-05-19 07:30:57,136 [INFO] [FULL] dim_equipe ...
C:\Users\S⁄rgioRiciopo\AppData\Local\Programs\Python\Python314\Lib\site-packages\google\cloud\bigquery\table.py:2086: 
UserWarning: BigQuery Storage module not found, fetch data with the REST endpoint instead.
  warnings.warn(
2026-05-19 07:30:58,306 [INFO]   OK dim_equipe: 22 linhas (full) -> dim_equipe.parquet
2026-05-19 07:30:58,306 [INFO] [FULL] dim_setor_operacional ...
C:\Users\S⁄rgioRiciopo\AppData\Local\Programs\Python\Python314\Lib\site-packages\google\cloud\bigquery\table.py:2086: 
UserWarning: BigQuery Storage module not found, fetch data with the REST endpoint instead.
  warnings.warn(
2026-05-19 07:30:59,616 [INFO]   OK dim_setor_operacional: 13 linhas (full) -> dim_setor_operacional.parquet
2026-05-19 07:30:59,616 [INFO] [FULL] dim_ocorrencia ...
C:\Users\S⁄rgioRiciopo\AppData\Local\Programs\Python\Python314\Lib\site-packages\google\cloud\bigquery\table.py:2086: 
UserWarning: BigQuery Storage module not found, fetch data with the REST endpoint instead.
  warnings.warn(
2026-05-19 07:31:01,440 [INFO]   OK dim_ocorrencia: 29 linhas (full) -> dim_ocorrencia.parquet
2026-05-19 07:31:01,440 [INFO] [FULL] dim_servico_definicao ...
C:\Users\S⁄rgioRiciopo\AppData\Local\Programs\Python\Python314\Lib\site-packages\google\cloud\bigquery\table.py:2086: 
UserWarning: BigQuery Storage module not found, fetch data with the REST endpoint instead.
  warnings.warn(
2026-05-19 07:31:02,700 [INFO]   OK dim_servico_definicao: 409 linhas (full) -> dim_servico_definicao.parquet
2026-05-19 07:31:02,700 [INFO] 
2026-05-19 07:31:02,700 [INFO] ETL conclu›do: 2026-05-19 07:31:02
2026-05-19 07:31:02,700 [INFO]   Tabelas full      : 14
2026-05-19 07:31:02,700 [INFO]   Tabelas incrementais: 11
2026-05-19 07:31:02,700 [INFO]   Linhas novas/atualizadas: 55,529
2026-05-19 07:31:02,700 [INFO]   Todas as tabelas conclu›das com sucesso.

[19/05/2026 07:31:02] ETL BigQuery concluido com SUCESSO
[19/05/2026 07:31:02] Iniciando ETL Frota...
Iniciando ETL de Consumo de Frota Combust›vel...

[OK] Arquivo encontrado: RelatorioParametrizado 01-04-26 A 30-04-26.xls
Processando: RelatorioParametrizado 01-04-26 A 30-04-26.xls
  [OK] 41 registros processados

============================================================
RESUMO DA EXTRACAO
============================================================
Total de registros: 41
Data minima: 01/04/2026
Data maxima: 30/04/2026

Motorisas unicos: 9
Veiculos unicos: 14
Modelos unicos: 8

Totalizacoes:
  Combustivel consumido: 2204.10 L
  Valor gasto: R$ 14951.30
  Km rodados: 15035
  Eficiencia media: 6.82 km/L

Top 5 motoristas (por valor):
  JOAO REIS DA SILVA CARNEIRO: R$ 7686.10
  PAULO VICTOR DE OLIVEIRA CARNEIRO: R$ 2083.91
  ODELIO FERNANDES JUNIOR: R$ 1575.37
  SERGIO HENRIQUE DE OLIVEIRA RICIOPO: R$ 1559.05
  CARLOS ANDRE DE CASTRO SILVA: R$ 906.08

[OK] Exportado: frota_combustivel.parquet
[OK] Exportado: dim_veiculo_frota.parquet

ETL concluido com sucesso em 19/05/2026 07:31:03

[19/05/2026 07:31:03] ETL Frota concluido com SUCESSO
[19/05/2026 07:31:03] Publicando no GitHub (Streamlit Cloud)...
